# HOP identifier map

[*]
gpuDeviceAttributeMaxBlocksPerMultiProcessor  hipDeviceAttributeMaxBlocksPerMultiProcessor  cudaDevAttrMaxBlocksPerMultiprocessor
make_gpuComplex                               make_hipComplex                               make_cuComplex
make_gpuDoubleComplex                         make_hipDoubleComplex                         make_cuDoubleComplex
make_gpuExtent                                make_hipExtent                                make_cudaExtent
make_gpuFloatComplex                          make_hipFloatComplex                          make_cuFloatComplex
make_gpuPitchedPtr                            make_hipPitchedPtr                            make_cudaPitchedPtr
make_gpuPos                                   make_hipPos                                   make_cudaPos

[hip]

[cuda]
GPUBLAS_C_16B                                             CUDA_C_16BF
GPUBLAS_C_16F                                             CUDA_C_16F
GPUBLAS_C_32F                                             CUDA_C_32F
GPUBLAS_C_32I                                             CUDA_C_32I
GPUBLAS_C_32U                                             CUDA_C_32U
GPUBLAS_C_64F                                             CUDA_C_64F
GPUBLAS_C_8I                                              CUDA_C_8I
GPUBLAS_C_8U                                              CUDA_C_8U
GPUBLAS_R_16B                                             CUDA_R_16BF
GPUBLAS_R_16F                                             CUDA_R_16F
GPUBLAS_R_32F                                             CUDA_R_32F
GPUBLAS_R_32I                                             CUDA_R_32I
GPUBLAS_R_32U                                             CUDA_R_32U
GPUBLAS_R_64F                                             CUDA_R_64F
GPUBLAS_R_8I                                              CUDA_R_8I
GPUBLAS_R_8U                                              CUDA_R_8U
gpuCabs                                                   cuCabs
gpuCabsf                                                  cuCabsf
gpuCadd                                                   cuCadd
gpuCaddf                                                  cuCaddf
gpuCdiv                                                   cuCdiv
gpuCdivf                                                  cuCdivf
gpuCfma                                                   cuCfma
gpuCfmaf                                                  cuCfmaf
gpuCimag                                                  cuCimag
gpuCimagf                                                 cuCimagf
gpuCmul                                                   cuCmul
gpuCmulf                                                  cuCmulf
gpuComplex                                                cuComplex
gpuComplexDoubleToFloat                                   cuComplexDoubleToFloat
gpuComplexFloatToDouble                                   cuComplexFloatToDouble
gpuConj                                                   cuConj
gpuConjf                                                  cuConjf
gpuCreal                                                  cuCreal
gpuCrealf                                                 cuCrealf
gpuCsub                                                   cuCsub
gpuCsubf                                                  cuCsubf
gpuDevP2PAttrHipArrayAccessSupported                      cudaDevP2PAttrCudaArrayAccessSupported
gpuDeviceAttributeAsyncEngineCount                        cudaDevAttrAsyncEngineCount
gpuDeviceAttributeAsyncEngineCount                        cudaDevAttrGpuOverlap
gpuDeviceAttributeCanMapHostMemory                        cudaDevAttrCanMapHostMemory
gpuDeviceAttributeCanUseHostPointerForRegisteredMem       cudaDevAttrCanUseHostPointerForRegisteredMem
gpuDeviceAttributeCanUseStreamWaitValue                   cudaDevAttrReserved94
gpuDeviceAttributeClockRate                               cudaDevAttrClockRate
gpuDeviceAttributeComputeCapabilityMajor                  cudaDevAttrComputeCapabilityMajor
gpuDeviceAttributeComputeCapabilityMinor                  cudaDevAttrComputeCapabilityMinor
gpuDeviceAttributeComputeMode                             cudaDevAttrComputeMode
gpuDeviceAttributeComputePreemptionSupported              cudaDevAttrComputePreemptionSupported
gpuDeviceAttributeConcurrentKernels                       cudaDevAttrConcurrentKernels
gpuDeviceAttributeConcurrentManagedAccess                 cudaDevAttrConcurrentManagedAccess
gpuDeviceAttributeCooperativeLaunch                       cudaDevAttrCooperativeLaunch
gpuDeviceAttributeCooperativeMultiDeviceLaunch            cudaDevAttrCooperativeMultiDeviceLaunch
gpuDeviceAttributeDirectManagedMemAccessFromHost          cudaDevAttrDirectManagedMemAccessFromHost
gpuDeviceAttributeEccEnabled                              cudaDevAttrEccEnabled
gpuDeviceAttributeGlobalL1CacheSupported                  cudaDevAttrGlobalL1CacheSupported
gpuDeviceAttributeHostNativeAtomicSupported               cudaDevAttrHostNativeAtomicSupported
gpuDeviceAttributeIntegrated                              cudaDevAttrIntegrated
gpuDeviceAttributeIsMultiGpuBoard                         cudaDevAttrIsMultiGpuBoard
gpuDeviceAttributeKernelExecTimeout                       cudaDevAttrKernelExecTimeout
gpuDeviceAttributeL2CacheSize                             cudaDevAttrL2CacheSize
gpuDeviceAttributeLocalL1CacheSupported                   cudaDevAttrLocalL1CacheSupported
gpuDeviceAttributeManagedMemory                           cudaDevAttrManagedMemory
gpuDeviceAttributeMaxBlockDimX                            cudaDevAttrMaxBlockDimX
gpuDeviceAttributeMaxBlockDimY                            cudaDevAttrMaxBlockDimY
gpuDeviceAttributeMaxBlockDimZ                            cudaDevAttrMaxBlockDimZ
gpuDeviceAttributeMaxGridDimX                             cudaDevAttrMaxGridDimX
gpuDeviceAttributeMaxGridDimY                             cudaDevAttrMaxGridDimY
gpuDeviceAttributeMaxGridDimZ                             cudaDevAttrMaxGridDimZ
gpuDeviceAttributeMaxPitch                                cudaDevAttrMaxPitch
gpuDeviceAttributeMaxRegistersPerBlock                    cudaDevAttrMaxRegistersPerBlock
gpuDeviceAttributeMaxRegistersPerMultiprocessor           cudaDevAttrMaxRegistersPerMultiprocessor
gpuDeviceAttributeMaxSharedMemoryPerBlock                 cudaDevAttrMaxSharedMemoryPerBlock
gpuDeviceAttributeMaxSharedMemoryPerMultiprocessor        cudaDevAttrMaxSharedMemoryPerMultiprocessor
gpuDeviceAttributeMaxSurface1D                            cudaDevAttrMaxSurface1DWidth
gpuDeviceAttributeMaxSurface1DLayered                     cudaDevAttrMaxSurface1DLayeredWidth
gpuDeviceAttributeMaxSurface2D                            cudaDevAttrMaxSurface2DHeight
gpuDeviceAttributeMaxSurface2D                            cudaDevAttrMaxSurface2DWidth
gpuDeviceAttributeMaxSurface2DLayered                     cudaDevAttrMaxSurface2DLayeredHeight
gpuDeviceAttributeMaxSurface2DLayered                     cudaDevAttrMaxSurface2DLayeredWidth
gpuDeviceAttributeMaxSurface3D                            cudaDevAttrMaxSurface3DDepth
gpuDeviceAttributeMaxSurface3D                            cudaDevAttrMaxSurface3DHeight
gpuDeviceAttributeMaxSurface3D                            cudaDevAttrMaxSurface3DWidth
gpuDeviceAttributeMaxSurfaceCubemap                       cudaDevAttrMaxSurfaceCubemapWidth
gpuDeviceAttributeMaxSurfaceCubemapLayered                cudaDevAttrMaxSurfaceCubemapLayeredWidth
gpuDeviceAttributeMaxTexture1DLayered                     cudaDevAttrMaxTexture1DLayeredWidth
gpuDeviceAttributeMaxTexture1DLinear                      cudaDevAttrMaxTexture1DLinearWidth
gpuDeviceAttributeMaxTexture1DMipmap                      cudaDevAttrMaxTexture1DMipmappedWidth
gpuDeviceAttributeMaxTexture1DWidth                       cudaDevAttrMaxTexture1DWidth
gpuDeviceAttributeMaxTexture2DGather                      cudaDevAttrMaxTexture2DGatherHeight
gpuDeviceAttributeMaxTexture2DGather                      cudaDevAttrMaxTexture2DGatherWidth
gpuDeviceAttributeMaxTexture2DHeight                      cudaDevAttrMaxTexture2DHeight
gpuDeviceAttributeMaxTexture2DLayered                     cudaDevAttrMaxTexture2DLayeredHeight
gpuDeviceAttributeMaxTexture2DLayered                     cudaDevAttrMaxTexture2DLayeredWidth
gpuDeviceAttributeMaxTexture2DLinear                      cudaDevAttrMaxTexture2DLinearHeight
gpuDeviceAttributeMaxTexture2DLinear                      cudaDevAttrMaxTexture2DLinearPitch
gpuDeviceAttributeMaxTexture2DLinear                      cudaDevAttrMaxTexture2DLinearWidth
gpuDeviceAttributeMaxTexture2DMipmap                      cudaDevAttrMaxTexture2DMipmappedHeight
gpuDeviceAttributeMaxTexture2DMipmap                      cudaDevAttrMaxTexture2DMipmappedWidth
gpuDeviceAttributeMaxTexture2DWidth                       cudaDevAttrMaxTexture2DWidth
gpuDeviceAttributeMaxTexture3DAlt                         cudaDevAttrMaxTexture3DDepthAlt
gpuDeviceAttributeMaxTexture3DAlt                         cudaDevAttrMaxTexture3DHeightAlt
gpuDeviceAttributeMaxTexture3DAlt                         cudaDevAttrMaxTexture3DWidthAlt
gpuDeviceAttributeMaxTexture3DDepth                       cudaDevAttrMaxTexture3DDepth
gpuDeviceAttributeMaxTexture3DHeight                      cudaDevAttrMaxTexture3DHeight
gpuDeviceAttributeMaxTexture3DWidth                       cudaDevAttrMaxTexture3DWidth
gpuDeviceAttributeMaxTextureCubemap                       cudaDevAttrMaxTextureCubemapWidth
gpuDeviceAttributeMaxTextureCubemapLayered                cudaDevAttrMaxTextureCubemapLayeredWidth
gpuDeviceAttributeMaxThreadsPerBlock                      cudaDevAttrMaxThreadsPerBlock
gpuDeviceAttributeMaxThreadsPerMultiProcessor             cudaDevAttrMaxThreadsPerMultiProcessor
gpuDeviceAttributeMemoryBusWidth                          cudaDevAttrGlobalMemoryBusWidth
gpuDeviceAttributeMemoryClockRate                         cudaDevAttrMemoryClockRate
gpuDeviceAttributeMemoryPoolsSupported                    cudaDevAttrMemoryPoolsSupported
gpuDeviceAttributeMultiGpuBoardGroupID                    cudaDevAttrMultiGpuBoardGroupID
gpuDeviceAttributeMultiprocessorCount                     cudaDevAttrMultiProcessorCount
gpuDeviceAttributePageableMemoryAccess                    cudaDevAttrPageableMemoryAccess
gpuDeviceAttributePageableMemoryAccessUsesHostPageTables  cudaDevAttrPageableMemoryAccessUsesHostPageTables
gpuDeviceAttributePciBusId                                cudaDevAttrPciBusId
gpuDeviceAttributePciDeviceId                             cudaDevAttrPciDeviceId
gpuDeviceAttributePciDomainID                             cudaDevAttrPciDomainId
gpuDeviceAttributeSharedMemPerBlockOptin                  cudaDevAttrMaxSharedMemoryPerBlockOptin
gpuDeviceAttributeSingleToDoublePrecisionPerfRatio        cudaDevAttrSingleToDoublePrecisionPerfRatio
gpuDeviceAttributeStreamPrioritiesSupported               cudaDevAttrStreamPrioritiesSupported
gpuDeviceAttributeSurfaceAlignment                        cudaDevAttrSurfaceAlignment
gpuDeviceAttributeTccDriver                               cudaDevAttrTccDriver
gpuDeviceAttributeTextureAlignment                        cudaDevAttrTextureAlignment
gpuDeviceAttributeTexturePitchAlignment                   cudaDevAttrTexturePitchAlignment
gpuDeviceAttributeTotalConstantMemory                     cudaDevAttrTotalConstantMemory
gpuDeviceAttributeUnifiedAddressing                       cudaDevAttrUnifiedAddressing
gpuDeviceAttributeWarpSize                                cudaDevAttrWarpSize
gpuDeviceAttribute_t                                      cudaDeviceAttr
gpuDeviceGetCacheConfig                                   cudaThreadGetCacheConfig
gpuDeviceReset                                            cudaThreadExit
gpuDeviceSetCacheConfig                                   cudaThreadSetCacheConfig
gpuDeviceSynchronize                                      cudaThreadSynchronize
gpuDoubleComplex                                          cuDoubleComplex
gpuErrorContextAlreadyInUse                               cudaErrorDeviceAlreadyInUse
gpuErrorDeinitialized                                     cudaErrorCudartUnloading
gpuErrorECCNotCorrectable                                 cudaErrorECCUncorrectable
gpuErrorInvalidContext                                    cudaErrorDeviceUninitialized
gpuErrorInvalidHandle                                     cudaErrorInvalidResourceHandle
gpuErrorInvalidImage                                      cudaErrorInvalidKernelImage
gpuErrorInvalidKernelFile                                 cudaErrorInvalidPtx
gpuErrorLaunchTimeOut                                     cudaErrorLaunchTimeout
gpuErrorMapFailed                                         cudaErrorMapBufferObjectFailed
gpuErrorNoBinaryForGpu                                    cudaErrorNoKernelImageForDevice
gpuErrorNotFound                                          cudaErrorSymbolNotFound
gpuErrorNotInitialized                                    cudaErrorInitializationError
gpuErrorOutOfMemory                                       cudaErrorMemoryAllocation
gpuErrorUnmapFailed                                       cudaErrorUnmapBufferObjectFailed
gpuError_t                                                cudaError
gpuFloatComplex                                           cuFloatComplex
gpuFuncCache_t                                            cudaFuncCache
gpuHostFree                                               cudaFreeHost
gpuHostMalloc                                             cudaMallocHost
gpuLimit_t                                                cudaLimit
gpuUUID                                                   CUuuid
gpuUUID                                                   cudaUUID_t
gpublasDatatype_t                                         cudaDataType
gpublasDatatype_t                                         cudaDataType_t
