# HOP identifier map

[*]
gpuDeviceAttributeMaxBlocksPerMultiProcessor  hipDeviceAttributeMaxBlocksPerMultiProcessor  cudaDevAttrMaxBlocksPerMultiprocessor
make_gpuComplex                               make_hipComplex                               make_cuComplex
make_gpuDoubleComplex                         make_hipDoubleComplex                         make_cuDoubleComplex
make_gpuExtent                                make_hipExtent                                make_cudaExtent
make_gpuFloatComplex                          make_hipFloatComplex                          make_cuFloatComplex
make_gpuPitchedPtr                            make_hipPitchedPtr                            make_cudaPitchedPtr
make_gpuPos                                   make_hipPos                                   make_cudaPos

[hip]

[cuda]
GPUBLAS_C_16B                                             CUDA_C_16BF
GPUBLAS_C_16F                                             CUDA_C_16F
GPUBLAS_C_32F                                             CUDA_C_32F
GPUBLAS_C_32I                                             CUDA_C_32I
GPUBLAS_C_32U                                             CUDA_C_32U
GPUBLAS_C_64F                                             CUDA_C_64F
GPUBLAS_C_8I                                              CUDA_C_8I
GPUBLAS_C_8U                                              CUDA_C_8U
GPUBLAS_GEMM_DEFAULT                                      CUBLAS_GEMM_DFALT
GPUBLAS_OP_C                                              CUBLAS_OP_HERMITAN
GPUBLAS_R_16B                                             CUDA_R_16BF
GPUBLAS_R_16F                                             CUDA_R_16F
GPUBLAS_R_32F                                             CUDA_R_32F
GPUBLAS_R_32I                                             CUDA_R_32I
GPUBLAS_R_32U                                             CUDA_R_32U
GPUBLAS_R_64F                                             CUDA_R_64F
GPUBLAS_R_8I                                              CUDA_R_8I
GPUBLAS_R_8U                                              CUDA_R_8U
GPUBLAS_STATUS_UNKNOWN                                    CUBLAS_STATUS_LICENSE_ERROR
gpuCabs                                                   cuCabs
gpuCabsf                                                  cuCabsf
gpuCadd                                                   cuCadd
gpuCaddf                                                  cuCaddf
gpuCdiv                                                   cuCdiv
gpuCdivf                                                  cuCdivf
gpuCfma                                                   cuCfma
gpuCfmaf                                                  cuCfmaf
gpuCimag                                                  cuCimag
gpuCimagf                                                 cuCimagf
gpuCmul                                                   cuCmul
gpuCmulf                                                  cuCmulf
gpuComplex                                                cuComplex
gpuComplexDoubleToFloat                                   cuComplexDoubleToFloat
gpuComplexFloatToDouble                                   cuComplexFloatToDouble
gpuConj                                                   cuConj
gpuConjf                                                  cuConjf
gpuCreal                                                  cuCreal
gpuCrealf                                                 cuCrealf
gpuCsub                                                   cuCsub
gpuCsubf                                                  cuCsubf
gpuDevP2PAttrHipArrayAccessSupported                      cudaDevP2PAttrCudaArrayAccessSupported
gpuDeviceAttributeAsyncEngineCount                        cudaDevAttrAsyncEngineCount
gpuDeviceAttributeAsyncEngineCount                        cudaDevAttrGpuOverlap
gpuDeviceAttributeCanMapHostMemory                        cudaDevAttrCanMapHostMemory
gpuDeviceAttributeCanUseHostPointerForRegisteredMem       cudaDevAttrCanUseHostPointerForRegisteredMem
gpuDeviceAttributeCanUseStreamWaitValue                   cudaDevAttrReserved94
gpuDeviceAttributeClockRate                               cudaDevAttrClockRate
gpuDeviceAttributeComputeCapabilityMajor                  cudaDevAttrComputeCapabilityMajor
gpuDeviceAttributeComputeCapabilityMinor                  cudaDevAttrComputeCapabilityMinor
gpuDeviceAttributeComputeMode                             cudaDevAttrComputeMode
gpuDeviceAttributeComputePreemptionSupported              cudaDevAttrComputePreemptionSupported
gpuDeviceAttributeConcurrentKernels                       cudaDevAttrConcurrentKernels
gpuDeviceAttributeConcurrentManagedAccess                 cudaDevAttrConcurrentManagedAccess
gpuDeviceAttributeCooperativeLaunch                       cudaDevAttrCooperativeLaunch
gpuDeviceAttributeCooperativeMultiDeviceLaunch            cudaDevAttrCooperativeMultiDeviceLaunch
gpuDeviceAttributeDirectManagedMemAccessFromHost          cudaDevAttrDirectManagedMemAccessFromHost
gpuDeviceAttributeEccEnabled                              cudaDevAttrEccEnabled
gpuDeviceAttributeGlobalL1CacheSupported                  cudaDevAttrGlobalL1CacheSupported
gpuDeviceAttributeHostNativeAtomicSupported               cudaDevAttrHostNativeAtomicSupported
gpuDeviceAttributeIntegrated                              cudaDevAttrIntegrated
gpuDeviceAttributeIsMultiGpuBoard                         cudaDevAttrIsMultiGpuBoard
gpuDeviceAttributeKernelExecTimeout                       cudaDevAttrKernelExecTimeout
gpuDeviceAttributeL2CacheSize                             cudaDevAttrL2CacheSize
gpuDeviceAttributeLocalL1CacheSupported                   cudaDevAttrLocalL1CacheSupported
gpuDeviceAttributeManagedMemory                           cudaDevAttrManagedMemory
gpuDeviceAttributeMaxBlockDimX                            cudaDevAttrMaxBlockDimX
gpuDeviceAttributeMaxBlockDimY                            cudaDevAttrMaxBlockDimY
gpuDeviceAttributeMaxBlockDimZ                            cudaDevAttrMaxBlockDimZ
gpuDeviceAttributeMaxGridDimX                             cudaDevAttrMaxGridDimX
gpuDeviceAttributeMaxGridDimY                             cudaDevAttrMaxGridDimY
gpuDeviceAttributeMaxGridDimZ                             cudaDevAttrMaxGridDimZ
gpuDeviceAttributeMaxPitch                                cudaDevAttrMaxPitch
gpuDeviceAttributeMaxRegistersPerBlock                    cudaDevAttrMaxRegistersPerBlock
gpuDeviceAttributeMaxRegistersPerMultiprocessor           cudaDevAttrMaxRegistersPerMultiprocessor
gpuDeviceAttributeMaxSharedMemoryPerBlock                 cudaDevAttrMaxSharedMemoryPerBlock
gpuDeviceAttributeMaxSharedMemoryPerMultiprocessor        cudaDevAttrMaxSharedMemoryPerMultiprocessor
gpuDeviceAttributeMaxSurface1D                            cudaDevAttrMaxSurface1DWidth
gpuDeviceAttributeMaxSurface1DLayered                     cudaDevAttrMaxSurface1DLayeredWidth
gpuDeviceAttributeMaxSurface2D                            cudaDevAttrMaxSurface2DHeight
gpuDeviceAttributeMaxSurface2D                            cudaDevAttrMaxSurface2DWidth
gpuDeviceAttributeMaxSurface2DLayered                     cudaDevAttrMaxSurface2DLayeredHeight
gpuDeviceAttributeMaxSurface2DLayered                     cudaDevAttrMaxSurface2DLayeredWidth
gpuDeviceAttributeMaxSurface3D                            cudaDevAttrMaxSurface3DDepth
gpuDeviceAttributeMaxSurface3D                            cudaDevAttrMaxSurface3DHeight
gpuDeviceAttributeMaxSurface3D                            cudaDevAttrMaxSurface3DWidth
gpuDeviceAttributeMaxSurfaceCubemap                       cudaDevAttrMaxSurfaceCubemapWidth
gpuDeviceAttributeMaxSurfaceCubemapLayered                cudaDevAttrMaxSurfaceCubemapLayeredWidth
gpuDeviceAttributeMaxTexture1DLayered                     cudaDevAttrMaxTexture1DLayeredWidth
gpuDeviceAttributeMaxTexture1DLinear                      cudaDevAttrMaxTexture1DLinearWidth
gpuDeviceAttributeMaxTexture1DMipmap                      cudaDevAttrMaxTexture1DMipmappedWidth
gpuDeviceAttributeMaxTexture1DWidth                       cudaDevAttrMaxTexture1DWidth
gpuDeviceAttributeMaxTexture2DGather                      cudaDevAttrMaxTexture2DGatherHeight
gpuDeviceAttributeMaxTexture2DGather                      cudaDevAttrMaxTexture2DGatherWidth
gpuDeviceAttributeMaxTexture2DHeight                      cudaDevAttrMaxTexture2DHeight
gpuDeviceAttributeMaxTexture2DLayered                     cudaDevAttrMaxTexture2DLayeredHeight
gpuDeviceAttributeMaxTexture2DLayered                     cudaDevAttrMaxTexture2DLayeredWidth
gpuDeviceAttributeMaxTexture2DLinear                      cudaDevAttrMaxTexture2DLinearHeight
gpuDeviceAttributeMaxTexture2DLinear                      cudaDevAttrMaxTexture2DLinearPitch
gpuDeviceAttributeMaxTexture2DLinear                      cudaDevAttrMaxTexture2DLinearWidth
gpuDeviceAttributeMaxTexture2DMipmap                      cudaDevAttrMaxTexture2DMipmappedHeight
gpuDeviceAttributeMaxTexture2DMipmap                      cudaDevAttrMaxTexture2DMipmappedWidth
gpuDeviceAttributeMaxTexture2DWidth                       cudaDevAttrMaxTexture2DWidth
gpuDeviceAttributeMaxTexture3DAlt                         cudaDevAttrMaxTexture3DDepthAlt
gpuDeviceAttributeMaxTexture3DAlt                         cudaDevAttrMaxTexture3DHeightAlt
gpuDeviceAttributeMaxTexture3DAlt                         cudaDevAttrMaxTexture3DWidthAlt
gpuDeviceAttributeMaxTexture3DDepth                       cudaDevAttrMaxTexture3DDepth
gpuDeviceAttributeMaxTexture3DHeight                      cudaDevAttrMaxTexture3DHeight
gpuDeviceAttributeMaxTexture3DWidth                       cudaDevAttrMaxTexture3DWidth
gpuDeviceAttributeMaxTextureCubemap                       cudaDevAttrMaxTextureCubemapWidth
gpuDeviceAttributeMaxTextureCubemapLayered                cudaDevAttrMaxTextureCubemapLayeredWidth
gpuDeviceAttributeMaxThreadsPerBlock                      cudaDevAttrMaxThreadsPerBlock
gpuDeviceAttributeMaxThreadsPerMultiProcessor             cudaDevAttrMaxThreadsPerMultiProcessor
gpuDeviceAttributeMemoryBusWidth                          cudaDevAttrGlobalMemoryBusWidth
gpuDeviceAttributeMemoryClockRate                         cudaDevAttrMemoryClockRate
gpuDeviceAttributeMemoryPoolsSupported                    cudaDevAttrMemoryPoolsSupported
gpuDeviceAttributeMultiGpuBoardGroupID                    cudaDevAttrMultiGpuBoardGroupID
gpuDeviceAttributeMultiprocessorCount                     cudaDevAttrMultiProcessorCount
gpuDeviceAttributePageableMemoryAccess                    cudaDevAttrPageableMemoryAccess
gpuDeviceAttributePageableMemoryAccessUsesHostPageTables  cudaDevAttrPageableMemoryAccessUsesHostPageTables
gpuDeviceAttributePciBusId                                cudaDevAttrPciBusId
gpuDeviceAttributePciDeviceId                             cudaDevAttrPciDeviceId
gpuDeviceAttributePciDomainID                             cudaDevAttrPciDomainId
gpuDeviceAttributeSharedMemPerBlockOptin                  cudaDevAttrMaxSharedMemoryPerBlockOptin
gpuDeviceAttributeSingleToDoublePrecisionPerfRatio        cudaDevAttrSingleToDoublePrecisionPerfRatio
gpuDeviceAttributeStreamPrioritiesSupported               cudaDevAttrStreamPrioritiesSupported
gpuDeviceAttributeSurfaceAlignment                        cudaDevAttrSurfaceAlignment
gpuDeviceAttributeTccDriver                               cudaDevAttrTccDriver
gpuDeviceAttributeTextureAlignment                        cudaDevAttrTextureAlignment
gpuDeviceAttributeTexturePitchAlignment                   cudaDevAttrTexturePitchAlignment
gpuDeviceAttributeTotalConstantMemory                     cudaDevAttrTotalConstantMemory
gpuDeviceAttributeUnifiedAddressing                       cudaDevAttrUnifiedAddressing
gpuDeviceAttributeWarpSize                                cudaDevAttrWarpSize
gpuDeviceAttribute_t                                      cudaDeviceAttr
gpuDeviceGetCacheConfig                                   cudaThreadGetCacheConfig
gpuDeviceReset                                            cudaThreadExit
gpuDeviceScheduleBlockingSync                             cudaDeviceBlockingSync
gpuDeviceSetCacheConfig                                   cudaThreadSetCacheConfig
gpuDeviceSynchronize                                      cudaThreadSynchronize
gpuDoubleComplex                                          cuDoubleComplex
gpuErrorContextAlreadyInUse                               cudaErrorDeviceAlreadyInUse
gpuErrorDeinitialized                                     cudaErrorCudartUnloading
gpuErrorECCNotCorrectable                                 cudaErrorECCUncorrectable
gpuErrorInvalidContext                                    cudaErrorDeviceUninitialized
gpuErrorInvalidHandle                                     cudaErrorInvalidResourceHandle
gpuErrorInvalidImage                                      cudaErrorInvalidKernelImage
gpuErrorInvalidKernelFile                                 cudaErrorInvalidPtx
gpuErrorLaunchTimeOut                                     cudaErrorLaunchTimeout
gpuErrorMapFailed                                         cudaErrorMapBufferObjectFailed
gpuErrorNoBinaryForGpu                                    cudaErrorNoKernelImageForDevice
gpuErrorNotFound                                          cudaErrorSymbolNotFound
gpuErrorNotInitialized                                    cudaErrorInitializationError
gpuErrorOutOfMemory                                       cudaErrorMemoryAllocation
gpuErrorUnmapFailed                                       cudaErrorUnmapBufferObjectFailed
gpuError_t                                                cudaError
gpuFloatComplex                                           cuFloatComplex
gpuFuncCache_t                                            cudaFuncCache
gpuHostFree                                               cudaFreeHost
gpuHostMalloc                                             cudaMallocHost
gpuHostMallocDefault                                      cudaHostAllocDefault
gpuHostMallocMapped                                       cudaHostAllocMapped
gpuHostMallocPortable                                     cudaHostAllocPortable
gpuHostMallocWriteCombined                                cudaHostAllocWriteCombined
gpuLimit_t                                                cudaLimit
gpuUUID                                                   CUuuid
gpuUUID                                                   cudaUUID_t
gpublasCaxpy                                              cublasCaxpy_v2
gpublasCcopy                                              cublasCcopy_v2
gpublasCdotc                                              cublasCdotc_v2
gpublasCdotu                                              cublasCdotu_v2
gpublasCgbmv                                              cublasCgbmv_v2
gpublasCgemm                                              cublasCgemm_v2
gpublasCgemv                                              cublasCgemv_v2
gpublasCgerc                                              cublasCgerc_v2
gpublasCgeru                                              cublasCgeru_v2
gpublasChbmv                                              cublasChbmv_v2
gpublasChemm                                              cublasChemm_v2
gpublasChemv                                              cublasChemv_v2
gpublasCher                                               cublasCher_v2
gpublasCher2                                              cublasCher2_v2
gpublasCher2k                                             cublasCher2k_v2
gpublasCherk                                              cublasCherk_v2
gpublasChpmv                                              cublasChpmv_v2
gpublasChpr                                               cublasChpr_v2
gpublasChpr2                                              cublasChpr2_v2
gpublasCreate                                             cublasCreate_v2
gpublasCrot                                               cublasCrot_v2
gpublasCrotg                                              cublasCrotg_v2
gpublasCscal                                              cublasCscal_v2
gpublasCsrot                                              cublasCsrot_v2
gpublasCsscal                                             cublasCsscal_v2
gpublasCswap                                              cublasCswap_v2
gpublasCsymm                                              cublasCsymm_v2
gpublasCsymv                                              cublasCsymv_v2
gpublasCsyr                                               cublasCsyr_v2
gpublasCsyr2                                              cublasCsyr2_v2
gpublasCsyr2k                                             cublasCsyr2k_v2
gpublasCsyrk                                              cublasCsyrk_v2
gpublasCtbmv                                              cublasCtbmv_v2
gpublasCtbsv                                              cublasCtbsv_v2
gpublasCtpmv                                              cublasCtpmv_v2
gpublasCtpsv                                              cublasCtpsv_v2
gpublasCtrmm                                              cublasCtrmm_v2
gpublasCtrmv                                              cublasCtrmv_v2
gpublasCtrsm                                              cublasCtrsm_v2
gpublasCtrsv                                              cublasCtrsv_v2
gpublasDasum                                              cublasDasum_v2
gpublasDatatype_t                                         cublasComputeType_t
gpublasDatatype_t                                         cublasDataType_t
gpublasDatatype_t                                         cudaDataType
gpublasDatatype_t                                         cudaDataType_t
gpublasDaxpy                                              cublasDaxpy_v2
gpublasDcopy                                              cublasDcopy_v2
gpublasDdot                                               cublasDdot_v2
gpublasDestroy                                            cublasDestroy_v2
gpublasDgbmv                                              cublasDgbmv_v2
gpublasDgemm                                              cublasDgemm_v2
gpublasDgemv                                              cublasDgemv_v2
gpublasDger                                               cublasDger_v2
gpublasDnrm2                                              cublasDnrm2_v2
gpublasDrot                                               cublasDrot_v2
gpublasDrotg                                              cublasDrotg_v2
gpublasDrotm                                              cublasDrotm_v2
gpublasDrotmg                                             cublasDrotmg_v2
gpublasDsbmv                                              cublasDsbmv_v2
gpublasDscal                                              cublasDscal_v2
gpublasDspmv                                              cublasDspmv_v2
gpublasDspr                                               cublasDspr_v2
gpublasDspr2                                              cublasDspr2_v2
gpublasDswap                                              cublasDswap_v2
gpublasDsymm                                              cublasDsymm_v2
gpublasDsymv                                              cublasDsymv_v2
gpublasDsyr                                               cublasDsyr_v2
gpublasDsyr2                                              cublasDsyr2_v2
gpublasDsyr2k                                             cublasDsyr2k_v2
gpublasDsyrk                                              cublasDsyrk_v2
gpublasDtbmv                                              cublasDtbmv_v2
gpublasDtbsv                                              cublasDtbsv_v2
gpublasDtpmv                                              cublasDtpmv_v2
gpublasDtpsv                                              cublasDtpsv_v2
gpublasDtrmm                                              cublasDtrmm_v2
gpublasDtrmv                                              cublasDtrmv_v2
gpublasDtrsm                                              cublasDtrsm_v2
gpublasDtrsv                                              cublasDtrsv_v2
gpublasDzasum                                             cublasDzasum_v2
gpublasDznrm2                                             cublasDznrm2_v2
gpublasGetPointerMode                                     cublasGetPointerMode_v2
gpublasGetStream                                          cublasGetStream_v2
gpublasIcamax                                             cublasIcamax_v2
gpublasIcamin                                             cublasIcamin_v2
gpublasIdamax                                             cublasIdamax_v2
gpublasIdamin                                             cublasIdamin_v2
gpublasIsamax                                             cublasIsamax_v2
gpublasIsamin                                             cublasIsamin_v2
gpublasIzamax                                             cublasIzamax_v2
gpublasIzamin                                             cublasIzamin_v2
gpublasSasum                                              cublasSasum_v2
gpublasSaxpy                                              cublasSaxpy_v2
gpublasScasum                                             cublasScasum_v2
gpublasScnrm2                                             cublasScnrm2_v2
gpublasScopy                                              cublasScopy_v2
gpublasSdot                                               cublasSdot_v2
gpublasSetPointerMode                                     cublasSetPointerMode_v2
gpublasSetStream                                          cublasSetStream_v2
gpublasSgbmv                                              cublasSgbmv_v2
gpublasSgemm                                              cublasSgemm_v2
gpublasSgemv                                              cublasSgemv_v2
gpublasSger                                               cublasSger_v2
gpublasSnrm2                                              cublasSnrm2_v2
gpublasSrot                                               cublasSrot_v2
gpublasSrotg                                              cublasSrotg_v2
gpublasSrotm                                              cublasSrotm_v2
gpublasSrotmg                                             cublasSrotmg_v2
gpublasSsbmv                                              cublasSsbmv_v2
gpublasSscal                                              cublasSscal_v2
gpublasSspmv                                              cublasSspmv_v2
gpublasSspr                                               cublasSspr_v2
gpublasSspr2                                              cublasSspr2_v2
gpublasSswap                                              cublasSswap_v2
gpublasSsymm                                              cublasSsymm_v2
gpublasSsymv                                              cublasSsymv_v2
gpublasSsyr                                               cublasSsyr_v2
gpublasSsyr2                                              cublasSsyr2_v2
gpublasSsyr2k                                             cublasSsyr2k_v2
gpublasSsyrk                                              cublasSsyrk_v2
gpublasStatus_t                                           cublasStatus
gpublasStbmv                                              cublasStbmv_v2
gpublasStbsv                                              cublasStbsv_v2
gpublasStpmv                                              cublasStpmv_v2
gpublasStpsv                                              cublasStpsv_v2
gpublasStrmm                                              cublasStrmm_v2
gpublasStrmv                                              cublasStrmv_v2
gpublasStrsm                                              cublasStrsm_v2
gpublasStrsv                                              cublasStrsv_v2
gpublasZaxpy                                              cublasZaxpy_v2
gpublasZcopy                                              cublasZcopy_v2
gpublasZdotc                                              cublasZdotc_v2
gpublasZdotu                                              cublasZdotu_v2
gpublasZdrot                                              cublasZdrot_v2
gpublasZdscal                                             cublasZdscal_v2
gpublasZgbmv                                              cublasZgbmv_v2
gpublasZgemm                                              cublasZgemm_v2
gpublasZgemv                                              cublasZgemv_v2
gpublasZgerc                                              cublasZgerc_v2
gpublasZgeru                                              cublasZgeru_v2
gpublasZhbmv                                              cublasZhbmv_v2
gpublasZhemm                                              cublasZhemm_v2
gpublasZhemv                                              cublasZhemv_v2
gpublasZher                                               cublasZher_v2
gpublasZher2                                              cublasZher2_v2
gpublasZher2k                                             cublasZher2k_v2
gpublasZherk                                              cublasZherk_v2
gpublasZhpmv                                              cublasZhpmv_v2
gpublasZhpr                                               cublasZhpr_v2
gpublasZhpr2                                              cublasZhpr2_v2
gpublasZrot                                               cublasZrot_v2
gpublasZrotg                                              cublasZrotg_v2
gpublasZscal                                              cublasZscal_v2
gpublasZswap                                              cublasZswap_v2
gpublasZsymm                                              cublasZsymm_v2
gpublasZsymv                                              cublasZsymv_v2
gpublasZsyr                                               cublasZsyr_v2
gpublasZsyr2                                              cublasZsyr2_v2
gpublasZsyr2k                                             cublasZsyr2k_v2
gpublasZsyrk                                              cublasZsyrk_v2
gpublasZtbmv                                              cublasZtbmv_v2
gpublasZtbsv                                              cublasZtbsv_v2
gpublasZtpmv                                              cublasZtpmv_v2
gpublasZtpsv                                              cublasZtpsv_v2
gpublasZtrmm                                              cublasZtrmm_v2
gpublasZtrmv                                              cublasZtrmv_v2
gpublasZtrsm                                              cublasZtrsm_v2
gpublasZtrsv                                              cublasZtrsv_v2
