# HOP identifier map

[*]
gpuDeviceAttributeMaxBlocksPerMultiProcessor  hipDeviceAttributeMaxBlocksPerMultiProcessor  cudaDevAttrMaxBlocksPerMultiprocessor
make_gpuComplex                               make_hipComplex                               make_cuComplex
make_gpuDoubleComplex                         make_hipDoubleComplex                         make_cuDoubleComplex
make_gpuExtent                                make_hipExtent                                make_cudaExtent
make_gpuFloatComplex                          make_hipFloatComplex                          make_cuFloatComplex
make_gpuPitchedPtr                            make_hipPitchedPtr                            make_cudaPitchedPtr
make_gpuPos                                   make_hipPos                                   make_cudaPos

[hip]

[cuda]
GPUBLAS_C_16B                                                CUDA_C_16BF
GPUBLAS_C_16F                                                CUDA_C_16F
GPUBLAS_C_32F                                                CUDA_C_32F
GPUBLAS_C_32I                                                CUDA_C_32I
GPUBLAS_C_32U                                                CUDA_C_32U
GPUBLAS_C_64F                                                CUDA_C_64F
GPUBLAS_C_8I                                                 CUDA_C_8I
GPUBLAS_C_8U                                                 CUDA_C_8U
GPUBLAS_GEMM_DEFAULT                                         CUBLAS_GEMM_DFALT
GPUBLAS_OP_C                                                 CUBLAS_OP_HERMITAN
GPUBLAS_R_16B                                                CUDA_R_16BF
GPUBLAS_R_16F                                                CUDA_R_16F
GPUBLAS_R_32F                                                CUDA_R_32F
GPUBLAS_R_32I                                                CUDA_R_32I
GPUBLAS_R_32U                                                CUDA_R_32U
GPUBLAS_R_64F                                                CUDA_R_64F
GPUBLAS_R_8I                                                 CUDA_R_8I
GPUBLAS_R_8U                                                 CUDA_R_8U
GPUBLAS_STATUS_UNKNOWN                                       CUBLAS_STATUS_LICENSE_ERROR
GPUFFT_BACKWARD                                              CUFFT_INVERSE
GPURTC_ERROR_BUILTIN_OPERATION_FAILURE                       NVRTC_ERROR_BUILTIN_OPERATION_FAILURE
GPURTC_ERROR_COMPILATION                                     NVRTC_ERROR_COMPILATION
GPURTC_ERROR_INTERNAL_ERROR                                  NVRTC_ERROR_INTERNAL_ERROR
GPURTC_ERROR_INVALID_INPUT                                   NVRTC_ERROR_INVALID_INPUT
GPURTC_ERROR_INVALID_OPTION                                  NVRTC_ERROR_INVALID_OPTION
GPURTC_ERROR_INVALID_PROGRAM                                 NVRTC_ERROR_INVALID_PROGRAM
GPURTC_ERROR_NAME_EXPRESSION_NOT_VALID                       NVRTC_ERROR_NAME_EXPRESSION_NOT_VALID
GPURTC_ERROR_NO_LOWERED_NAMES_BEFORE_COMPILATION             NVRTC_ERROR_NO_LOWERED_NAMES_BEFORE_COMPILATION
GPURTC_ERROR_NO_NAME_EXPRESSIONS_AFTER_COMPILATION           NVRTC_ERROR_NO_NAME_EXPRESSIONS_AFTER_COMPILATION
GPURTC_ERROR_OUT_OF_MEMORY                                   NVRTC_ERROR_OUT_OF_MEMORY
GPURTC_ERROR_PROGRAM_CREATION_FAILURE                        NVRTC_ERROR_PROGRAM_CREATION_FAILURE
GPURTC_JIT_CACHE_MODE                                        CU_JIT_CACHE_MODE
GPURTC_JIT_ERROR_LOG_BUFFER                                  CU_JIT_ERROR_LOG_BUFFER
GPURTC_JIT_ERROR_LOG_BUFFER_SIZE_BYTES                       CU_JIT_ERROR_LOG_BUFFER_SIZE_BYTES
GPURTC_JIT_FALLBACK_STRATEGY                                 CU_JIT_FALLBACK_STRATEGY
GPURTC_JIT_FAST_COMPILE                                      CU_JIT_FAST_COMPILE
GPURTC_JIT_GENERATE_DEBUG_INFO                               CU_JIT_GENERATE_DEBUG_INFO
GPURTC_JIT_GENERATE_LINE_INFO                                CU_JIT_GENERATE_LINE_INFO
GPURTC_JIT_INFO_LOG_BUFFER                                   CU_JIT_INFO_LOG_BUFFER
GPURTC_JIT_INFO_LOG_BUFFER_SIZE_BYTES                        CU_JIT_INFO_LOG_BUFFER_SIZE_BYTES
GPURTC_JIT_INPUT_CUBIN                                       CU_JIT_INPUT_CUBIN
GPURTC_JIT_INPUT_FATBINARY                                   CU_JIT_INPUT_FATBINARY
GPURTC_JIT_INPUT_LIBRARY                                     CU_JIT_INPUT_LIBRARY
GPURTC_JIT_INPUT_NVVM                                        CU_JIT_INPUT_NVVM
GPURTC_JIT_INPUT_OBJECT                                      CU_JIT_INPUT_OBJECT
GPURTC_JIT_INPUT_PTX                                         CU_JIT_INPUT_PTX
GPURTC_JIT_LOG_VERBOSE                                       CU_JIT_LOG_VERBOSE
GPURTC_JIT_MAX_REGISTERS                                     CU_JIT_MAX_REGISTERS
GPURTC_JIT_NEW_SM3X_OPT                                      CU_JIT_NEW_SM3X_OPT
GPURTC_JIT_NUM_LEGACY_INPUT_TYPES                            CU_JIT_NUM_INPUT_TYPES
GPURTC_JIT_NUM_OPTIONS                                       CU_JIT_NUM_OPTIONS
GPURTC_JIT_OPTIMIZATION_LEVEL                                CU_JIT_OPTIMIZATION_LEVEL
GPURTC_JIT_TARGET                                            CU_JIT_TARGET
GPURTC_JIT_TARGET_FROM_HIPCONTEXT                            CU_JIT_TARGET_FROM_CUCONTEXT
GPURTC_JIT_THREADS_PER_BLOCK                                 CU_JIT_THREADS_PER_BLOCK
GPURTC_JIT_WALL_TIME                                         CU_JIT_WALL_TIME
GPURTC_SUCCESS                                               NVRTC_SUCCESS
GPUSPARSE_SPGEMM_CSR_ALG_DETERMINISTIC                       CUSPARSE_SPGEMM_CSR_ALG_DETERMINITIC
GPUSPARSE_SPGEMM_CSR_ALG_NONDETERMINISTIC                    CUSPARSE_SPGEMM_CSR_ALG_NONDETERMINITIC
GPU_AD_FORMAT_FLOAT                                          CU_AD_FORMAT_FLOAT
GPU_AD_FORMAT_HALF                                           CU_AD_FORMAT_HALF
GPU_AD_FORMAT_SIGNED_INT16                                   CU_AD_FORMAT_SIGNED_INT16
GPU_AD_FORMAT_SIGNED_INT32                                   CU_AD_FORMAT_SIGNED_INT32
GPU_AD_FORMAT_SIGNED_INT8                                    CU_AD_FORMAT_SIGNED_INT8
GPU_AD_FORMAT_UNSIGNED_INT16                                 CU_AD_FORMAT_UNSIGNED_INT16
GPU_AD_FORMAT_UNSIGNED_INT32                                 CU_AD_FORMAT_UNSIGNED_INT32
GPU_AD_FORMAT_UNSIGNED_INT8                                  CU_AD_FORMAT_UNSIGNED_INT8
GPU_ARRAY3D_DESCRIPTOR                                       CUDA_ARRAY3D_DESCRIPTOR_st
GPU_ARRAY_DESCRIPTOR                                         CUDA_ARRAY_DESCRIPTOR_st
GPU_FUNC_ATTRIBUTE_BINARY_VERSION                            CU_FUNC_ATTRIBUTE_BINARY_VERSION
GPU_FUNC_ATTRIBUTE_CACHE_MODE_CA                             CU_FUNC_ATTRIBUTE_CACHE_MODE_CA
GPU_FUNC_ATTRIBUTE_CONST_SIZE_BYTES                          CU_FUNC_ATTRIBUTE_CONST_SIZE_BYTES
GPU_FUNC_ATTRIBUTE_LOCAL_SIZE_BYTES                          CU_FUNC_ATTRIBUTE_LOCAL_SIZE_BYTES
GPU_FUNC_ATTRIBUTE_MAX                                       CU_FUNC_ATTRIBUTE_MAX
GPU_FUNC_ATTRIBUTE_MAX_DYNAMIC_SHARED_SIZE_BYTES             CU_FUNC_ATTRIBUTE_MAX_DYNAMIC_SHARED_SIZE_BYTES
GPU_FUNC_ATTRIBUTE_MAX_THREADS_PER_BLOCK                     CU_FUNC_ATTRIBUTE_MAX_THREADS_PER_BLOCK
GPU_FUNC_ATTRIBUTE_NUM_REGS                                  CU_FUNC_ATTRIBUTE_NUM_REGS
GPU_FUNC_ATTRIBUTE_PREFERRED_SHARED_MEMORY_CARVEOUT          CU_FUNC_ATTRIBUTE_PREFERRED_SHARED_MEMORY_CARVEOUT
GPU_FUNC_ATTRIBUTE_PTX_VERSION                               CU_FUNC_ATTRIBUTE_PTX_VERSION
GPU_FUNC_ATTRIBUTE_SHARED_SIZE_BYTES                         CU_FUNC_ATTRIBUTE_SHARED_SIZE_BYTES
GPU_IPC_HANDLE_SIZE                                          CU_IPC_HANDLE_SIZE
GPU_LAUNCH_PARAM_BUFFER_POINTER                              CU_LAUNCH_PARAM_BUFFER_POINTER
GPU_LAUNCH_PARAM_BUFFER_SIZE                                 CU_LAUNCH_PARAM_BUFFER_SIZE
GPU_LAUNCH_PARAM_END                                         CU_LAUNCH_PARAM_END
GPU_MEMCPY3D                                                 CUDA_MEMCPY3D_st
GPU_POINTER_ATTRIBUTE_ACCESS_FLAGS                           CU_POINTER_ATTRIBUTE_ACCESS_FLAGS
GPU_POINTER_ATTRIBUTE_ALLOWED_HANDLE_TYPES                   CU_POINTER_ATTRIBUTE_ALLOWED_HANDLE_TYPES
GPU_POINTER_ATTRIBUTE_BUFFER_ID                              CU_POINTER_ATTRIBUTE_BUFFER_ID
GPU_POINTER_ATTRIBUTE_CONTEXT                                CU_POINTER_ATTRIBUTE_CONTEXT
GPU_POINTER_ATTRIBUTE_DEVICE_ORDINAL                         CU_POINTER_ATTRIBUTE_DEVICE_ORDINAL
GPU_POINTER_ATTRIBUTE_DEVICE_POINTER                         CU_POINTER_ATTRIBUTE_DEVICE_POINTER
GPU_POINTER_ATTRIBUTE_HOST_POINTER                           CU_POINTER_ATTRIBUTE_HOST_POINTER
GPU_POINTER_ATTRIBUTE_IS_GPU_DIRECT_RDMA_CAPABLE             CU_POINTER_ATTRIBUTE_IS_GPU_DIRECT_RDMA_CAPABLE
GPU_POINTER_ATTRIBUTE_IS_LEGACY_HIP_IPC_CAPABLE              CU_POINTER_ATTRIBUTE_IS_LEGACY_CUDA_IPC_CAPABLE
GPU_POINTER_ATTRIBUTE_IS_MANAGED                             CU_POINTER_ATTRIBUTE_IS_MANAGED
GPU_POINTER_ATTRIBUTE_MAPPED                                 CU_POINTER_ATTRIBUTE_MAPPED
GPU_POINTER_ATTRIBUTE_MEMORY_TYPE                            CU_POINTER_ATTRIBUTE_MEMORY_TYPE
GPU_POINTER_ATTRIBUTE_MEMPOOL_HANDLE                         CU_POINTER_ATTRIBUTE_MEMPOOL_HANDLE
GPU_POINTER_ATTRIBUTE_P2P_TOKENS                             CU_POINTER_ATTRIBUTE_P2P_TOKENS
GPU_POINTER_ATTRIBUTE_RANGE_SIZE                             CU_POINTER_ATTRIBUTE_RANGE_SIZE
GPU_POINTER_ATTRIBUTE_RANGE_START_ADDR                       CU_POINTER_ATTRIBUTE_RANGE_START_ADDR
GPU_POINTER_ATTRIBUTE_SYNC_MEMOPS                            CU_POINTER_ATTRIBUTE_SYNC_MEMOPS
GPU_RESOURCE_DESC                                            CUDA_RESOURCE_DESC_v1
GPU_RESOURCE_TYPE_ARRAY                                      CU_RESOURCE_TYPE_ARRAY
GPU_RESOURCE_TYPE_LINEAR                                     CU_RESOURCE_TYPE_LINEAR
GPU_RESOURCE_TYPE_MIPMAPPED_ARRAY                            CU_RESOURCE_TYPE_MIPMAPPED_ARRAY
GPU_RESOURCE_TYPE_PITCH2D                                    CU_RESOURCE_TYPE_PITCH2D
GPU_RESOURCE_VIEW_DESC                                       CUDA_RESOURCE_VIEW_DESC_v1
GPU_RES_VIEW_FORMAT_FLOAT_1X16                               CU_RES_VIEW_FORMAT_FLOAT_1X16
GPU_RES_VIEW_FORMAT_FLOAT_1X32                               CU_RES_VIEW_FORMAT_FLOAT_1X32
GPU_RES_VIEW_FORMAT_FLOAT_2X16                               CU_RES_VIEW_FORMAT_FLOAT_2X16
GPU_RES_VIEW_FORMAT_FLOAT_2X32                               CU_RES_VIEW_FORMAT_FLOAT_2X32
GPU_RES_VIEW_FORMAT_FLOAT_4X16                               CU_RES_VIEW_FORMAT_FLOAT_4X16
GPU_RES_VIEW_FORMAT_FLOAT_4X32                               CU_RES_VIEW_FORMAT_FLOAT_4X32
GPU_RES_VIEW_FORMAT_NONE                                     CU_RES_VIEW_FORMAT_NONE
GPU_RES_VIEW_FORMAT_SIGNED_BC4                               CU_RES_VIEW_FORMAT_SIGNED_BC4
GPU_RES_VIEW_FORMAT_SIGNED_BC5                               CU_RES_VIEW_FORMAT_SIGNED_BC5
GPU_RES_VIEW_FORMAT_SIGNED_BC6H                              CU_RES_VIEW_FORMAT_SIGNED_BC6H
GPU_RES_VIEW_FORMAT_SINT_1X16                                CU_RES_VIEW_FORMAT_SINT_1X16
GPU_RES_VIEW_FORMAT_SINT_1X32                                CU_RES_VIEW_FORMAT_SINT_1X32
GPU_RES_VIEW_FORMAT_SINT_1X8                                 CU_RES_VIEW_FORMAT_SINT_1X8
GPU_RES_VIEW_FORMAT_SINT_2X16                                CU_RES_VIEW_FORMAT_SINT_2X16
GPU_RES_VIEW_FORMAT_SINT_2X32                                CU_RES_VIEW_FORMAT_SINT_2X32
GPU_RES_VIEW_FORMAT_SINT_2X8                                 CU_RES_VIEW_FORMAT_SINT_2X8
GPU_RES_VIEW_FORMAT_SINT_4X16                                CU_RES_VIEW_FORMAT_SINT_4X16
GPU_RES_VIEW_FORMAT_SINT_4X32                                CU_RES_VIEW_FORMAT_SINT_4X32
GPU_RES_VIEW_FORMAT_SINT_4X8                                 CU_RES_VIEW_FORMAT_SINT_4X8
GPU_RES_VIEW_FORMAT_UINT_1X16                                CU_RES_VIEW_FORMAT_UINT_1X16
GPU_RES_VIEW_FORMAT_UINT_1X32                                CU_RES_VIEW_FORMAT_UINT_1X32
GPU_RES_VIEW_FORMAT_UINT_1X8                                 CU_RES_VIEW_FORMAT_UINT_1X8
GPU_RES_VIEW_FORMAT_UINT_2X16                                CU_RES_VIEW_FORMAT_UINT_2X16
GPU_RES_VIEW_FORMAT_UINT_2X32                                CU_RES_VIEW_FORMAT_UINT_2X32
GPU_RES_VIEW_FORMAT_UINT_2X8                                 CU_RES_VIEW_FORMAT_UINT_2X8
GPU_RES_VIEW_FORMAT_UINT_4X16                                CU_RES_VIEW_FORMAT_UINT_4X16
GPU_RES_VIEW_FORMAT_UINT_4X32                                CU_RES_VIEW_FORMAT_UINT_4X32
GPU_RES_VIEW_FORMAT_UINT_4X8                                 CU_RES_VIEW_FORMAT_UINT_4X8
GPU_RES_VIEW_FORMAT_UNSIGNED_BC1                             CU_RES_VIEW_FORMAT_UNSIGNED_BC1
GPU_RES_VIEW_FORMAT_UNSIGNED_BC2                             CU_RES_VIEW_FORMAT_UNSIGNED_BC2
GPU_RES_VIEW_FORMAT_UNSIGNED_BC3                             CU_RES_VIEW_FORMAT_UNSIGNED_BC3
GPU_RES_VIEW_FORMAT_UNSIGNED_BC4                             CU_RES_VIEW_FORMAT_UNSIGNED_BC4
GPU_RES_VIEW_FORMAT_UNSIGNED_BC5                             CU_RES_VIEW_FORMAT_UNSIGNED_BC5
GPU_RES_VIEW_FORMAT_UNSIGNED_BC6H                            CU_RES_VIEW_FORMAT_UNSIGNED_BC6H
GPU_RES_VIEW_FORMAT_UNSIGNED_BC7                             CU_RES_VIEW_FORMAT_UNSIGNED_BC7
GPU_TEXTURE_DESC                                             CUDA_TEXTURE_DESC_v1
GPU_TRSA_OVERRIDE_FORMAT                                     CU_TRSA_OVERRIDE_FORMAT
GPU_TRSF_NORMALIZED_COORDINATES                              CU_TRSF_NORMALIZED_COORDINATES
GPU_TRSF_READ_AS_INTEGER                                     CU_TRSF_READ_AS_INTEGER
GPU_TRSF_SRGB                                                CU_TRSF_SRGB
GPU_TR_ADDRESS_MODE_BORDER                                   CU_TR_ADDRESS_MODE_BORDER
GPU_TR_ADDRESS_MODE_CLAMP                                    CU_TR_ADDRESS_MODE_CLAMP
GPU_TR_ADDRESS_MODE_MIRROR                                   CU_TR_ADDRESS_MODE_MIRROR
GPU_TR_ADDRESS_MODE_WRAP                                     CU_TR_ADDRESS_MODE_WRAP
GPU_TR_FILTER_MODE_LINEAR                                    CU_TR_FILTER_MODE_LINEAR
GPU_TR_FILTER_MODE_POINT                                     CU_TR_FILTER_MODE_POINT
GPUaddress_mode                                              CUaddress_mode
GPUaddress_mode_enum                                         CUaddress_mode_enum
GPUfilter_mode                                               CUfilter_mode
GPUfilter_mode_enum                                          CUfilter_mode_enum
GPUresourceViewFormat                                        CUresourceViewFormat
GPUresourceViewFormat_enum                                   CUresourceViewFormat_enum
GPUresourcetype                                              CUresourcetype
GPUresourcetype_enum                                         CUresourcetype_enum
gpuAccessPolicyWindow                                        CUaccessPolicyWindow
gpuAccessProperty                                            CUaccessProperty
gpuAccessPropertyNormal                                      CU_ACCESS_PROPERTY_NORMAL
gpuAccessPropertyPersisting                                  CU_ACCESS_PROPERTY_PERSISTING
gpuAccessPropertyStreaming                                   CU_ACCESS_PROPERTY_STREAMING
gpuArray3DCreate                                             cuArray3DCreate_v2
gpuArray3DGetDescriptor                                      cuArray3DGetDescriptor_v2
gpuArrayCreate                                               cuArrayCreate_v2
gpuArrayCubemap                                              CUDA_ARRAY3D_CUBEMAP
gpuArrayDestroy                                              cuArrayDestroy
gpuArrayGetDescriptor                                        cuArrayGetDescriptor_v2
gpuArrayLayered                                              CUDA_ARRAY3D_LAYERED
gpuArrayMapInfo                                              CUarrayMapInfo
gpuArraySparseSubresourceType                                CUarraySparseSubresourceType
gpuArraySparseSubresourceTypeMiptail                         CU_ARRAY_SPARSE_SUBRESOURCE_TYPE_MIPTAIL
gpuArraySparseSubresourceTypeSparseLevel                     CU_ARRAY_SPARSE_SUBRESOURCE_TYPE_SPARSE_LEVEL
gpuArraySurfaceLoadStore                                     CUDA_ARRAY3D_SURFACE_LDST
gpuArrayTextureGather                                        CUDA_ARRAY3D_TEXTURE_GATHER
gpuArray_Format                                              CUarray_format
gpuArray_t                                                   CUarray
gpuCabs                                                      cuCabs
gpuCabsf                                                     cuCabsf
gpuCadd                                                      cuCadd
gpuCaddf                                                     cuCaddf
gpuCdiv                                                      cuCdiv
gpuCdivf                                                     cuCdivf
gpuCfma                                                      cuCfma
gpuCfmaf                                                     cuCfmaf
gpuCimag                                                     cuCimag
gpuCimagf                                                    cuCimagf
gpuCmul                                                      cuCmul
gpuCmulf                                                     cuCmulf
gpuComplex                                                   cuComplex
gpuComplexDoubleToFloat                                      cuComplexDoubleToFloat
gpuComplexFloatToDouble                                      cuComplexFloatToDouble
gpuComputeMode                                               CUcomputemode
gpuComputeModeDefault                                        CU_COMPUTEMODE_DEFAULT
gpuComputeModeExclusiveProcess                               CU_COMPUTEMODE_EXCLUSIVE_PROCESS
gpuComputeModeProhibited                                     CU_COMPUTEMODE_PROHIBITED
gpuConj                                                      cuConj
gpuConjf                                                     cuConjf
gpuCooperativeLaunchMultiDeviceNoPostSync                    CUDA_COOPERATIVE_LAUNCH_MULTI_DEVICE_NO_POST_LAUNCH_SYNC
gpuCooperativeLaunchMultiDeviceNoPreSync                     CUDA_COOPERATIVE_LAUNCH_MULTI_DEVICE_NO_PRE_LAUNCH_SYNC
gpuCpuDeviceId                                               CU_DEVICE_CPU
gpuCreal                                                     cuCreal
gpuCrealf                                                    cuCrealf
gpuCsub                                                      cuCsub
gpuCsubf                                                     cuCsubf
gpuCtxCreate                                                 cuCtxCreate_v2
gpuCtxDestroy                                                cuCtxDestroy_v2
gpuCtxDisablePeerAccess                                      cuCtxDisablePeerAccess
gpuCtxEnablePeerAccess                                       cuCtxEnablePeerAccess
gpuCtxGetApiVersion                                          cuCtxGetApiVersion
gpuCtxGetCacheConfig                                         cuCtxGetCacheConfig
gpuCtxGetCurrent                                             cuCtxGetCurrent
gpuCtxGetDevice                                              cuCtxGetDevice
gpuCtxGetFlags                                               cuCtxGetFlags
gpuCtxGetSharedMemConfig                                     cuCtxGetSharedMemConfig
gpuCtxPopCurrent                                             cuCtxPopCurrent_v2
gpuCtxPushCurrent                                            cuCtxPushCurrent_v2
gpuCtxSetCacheConfig                                         cuCtxSetCacheConfig
gpuCtxSetCurrent                                             cuCtxSetCurrent
gpuCtxSetSharedMemConfig                                     cuCtxSetSharedMemConfig
gpuCtxSynchronize                                            cuCtxSynchronize
gpuCtx_t                                                     CUcontext
gpuDestroyExternalMemory                                     cuDestroyExternalMemory
gpuDestroyExternalSemaphore                                  cuDestroyExternalSemaphore
gpuDevP2PAttrAccessSupported                                 CU_DEVICE_P2P_ATTRIBUTE_ACCESS_SUPPORTED
gpuDevP2PAttrHipArrayAccessSupported                         cudaDevP2PAttrCudaArrayAccessSupported
gpuDevP2PAttrNativeAtomicSupported                           CU_DEVICE_P2P_ATTRIBUTE_NATIVE_ATOMIC_SUPPORTED
gpuDevP2PAttrPerformanceRank                                 CU_DEVICE_P2P_ATTRIBUTE_PERFORMANCE_RANK
gpuDeviceAttributeAsyncEngineCount                           cudaDevAttrAsyncEngineCount
gpuDeviceAttributeCanMapHostMemory                           cudaDevAttrCanMapHostMemory
gpuDeviceAttributeCanUseHostPointerForRegisteredMem          cudaDevAttrCanUseHostPointerForRegisteredMem
gpuDeviceAttributeCanUseStreamWaitValue                      cudaDevAttrReserved94
gpuDeviceAttributeClockRate                                  cudaDevAttrClockRate
gpuDeviceAttributeComputeCapabilityMajor                     cudaDevAttrComputeCapabilityMajor
gpuDeviceAttributeComputeCapabilityMinor                     cudaDevAttrComputeCapabilityMinor
gpuDeviceAttributeComputeMode                                cudaDevAttrComputeMode
gpuDeviceAttributeComputePreemptionSupported                 cudaDevAttrComputePreemptionSupported
gpuDeviceAttributeConcurrentKernels                          cudaDevAttrConcurrentKernels
gpuDeviceAttributeConcurrentManagedAccess                    cudaDevAttrConcurrentManagedAccess
gpuDeviceAttributeCooperativeLaunch                          cudaDevAttrCooperativeLaunch
gpuDeviceAttributeCooperativeMultiDeviceLaunch               cudaDevAttrCooperativeMultiDeviceLaunch
gpuDeviceAttributeDirectManagedMemAccessFromHost             cudaDevAttrDirectManagedMemAccessFromHost
gpuDeviceAttributeEccEnabled                                 cudaDevAttrEccEnabled
gpuDeviceAttributeGlobalL1CacheSupported                     cudaDevAttrGlobalL1CacheSupported
gpuDeviceAttributeHostNativeAtomicSupported                  cudaDevAttrHostNativeAtomicSupported
gpuDeviceAttributeIntegrated                                 cudaDevAttrIntegrated
gpuDeviceAttributeIsMultiGpuBoard                            cudaDevAttrIsMultiGpuBoard
gpuDeviceAttributeKernelExecTimeout                          cudaDevAttrKernelExecTimeout
gpuDeviceAttributeL2CacheSize                                cudaDevAttrL2CacheSize
gpuDeviceAttributeLocalL1CacheSupported                      cudaDevAttrLocalL1CacheSupported
gpuDeviceAttributeManagedMemory                              cudaDevAttrManagedMemory
gpuDeviceAttributeMaxBlockDimX                               cudaDevAttrMaxBlockDimX
gpuDeviceAttributeMaxBlockDimY                               cudaDevAttrMaxBlockDimY
gpuDeviceAttributeMaxBlockDimZ                               cudaDevAttrMaxBlockDimZ
gpuDeviceAttributeMaxGridDimX                                cudaDevAttrMaxGridDimX
gpuDeviceAttributeMaxGridDimY                                cudaDevAttrMaxGridDimY
gpuDeviceAttributeMaxGridDimZ                                cudaDevAttrMaxGridDimZ
gpuDeviceAttributeMaxPitch                                   cudaDevAttrMaxPitch
gpuDeviceAttributeMaxRegistersPerBlock                       cudaDevAttrMaxRegistersPerBlock
gpuDeviceAttributeMaxRegistersPerMultiprocessor              cudaDevAttrMaxRegistersPerMultiprocessor
gpuDeviceAttributeMaxSharedMemoryPerBlock                    cudaDevAttrMaxSharedMemoryPerBlock
gpuDeviceAttributeMaxSharedMemoryPerMultiprocessor           cudaDevAttrMaxSharedMemoryPerMultiprocessor
gpuDeviceAttributeMaxSurface1D                               cudaDevAttrMaxSurface1DWidth
gpuDeviceAttributeMaxSurface1DLayered                        cudaDevAttrMaxSurface1DLayeredWidth
gpuDeviceAttributeMaxSurface2D                               cudaDevAttrMaxSurface2DHeight
gpuDeviceAttributeMaxSurface2DLayered                        cudaDevAttrMaxSurface2DLayeredHeight
gpuDeviceAttributeMaxSurface3D                               cudaDevAttrMaxSurface3DDepth
gpuDeviceAttributeMaxSurfaceCubemap                          cudaDevAttrMaxSurfaceCubemapWidth
gpuDeviceAttributeMaxSurfaceCubemapLayered                   cudaDevAttrMaxSurfaceCubemapLayeredWidth
gpuDeviceAttributeMaxTexture1DLayered                        cudaDevAttrMaxTexture1DLayeredWidth
gpuDeviceAttributeMaxTexture1DLinear                         cudaDevAttrMaxTexture1DLinearWidth
gpuDeviceAttributeMaxTexture1DMipmap                         cudaDevAttrMaxTexture1DMipmappedWidth
gpuDeviceAttributeMaxTexture1DWidth                          cudaDevAttrMaxTexture1DWidth
gpuDeviceAttributeMaxTexture2DGather                         cudaDevAttrMaxTexture2DGatherHeight
gpuDeviceAttributeMaxTexture2DHeight                         cudaDevAttrMaxTexture2DHeight
gpuDeviceAttributeMaxTexture2DLayered                        cudaDevAttrMaxTexture2DLayeredHeight
gpuDeviceAttributeMaxTexture2DLinear                         cudaDevAttrMaxTexture2DLinearHeight
gpuDeviceAttributeMaxTexture2DMipmap                         cudaDevAttrMaxTexture2DMipmappedHeight
gpuDeviceAttributeMaxTexture2DWidth                          cudaDevAttrMaxTexture2DWidth
gpuDeviceAttributeMaxTexture3DAlt                            cudaDevAttrMaxTexture3DDepthAlt
gpuDeviceAttributeMaxTexture3DDepth                          cudaDevAttrMaxTexture3DDepth
gpuDeviceAttributeMaxTexture3DHeight                         cudaDevAttrMaxTexture3DHeight
gpuDeviceAttributeMaxTexture3DWidth                          cudaDevAttrMaxTexture3DWidth
gpuDeviceAttributeMaxTextureCubemap                          cudaDevAttrMaxTextureCubemapWidth
gpuDeviceAttributeMaxTextureCubemapLayered                   cudaDevAttrMaxTextureCubemapLayeredWidth
gpuDeviceAttributeMaxThreadsPerBlock                         cudaDevAttrMaxThreadsPerBlock
gpuDeviceAttributeMaxThreadsPerMultiProcessor                cudaDevAttrMaxThreadsPerMultiProcessor
gpuDeviceAttributeMemoryBusWidth                             cudaDevAttrGlobalMemoryBusWidth
gpuDeviceAttributeMemoryClockRate                            cudaDevAttrMemoryClockRate
gpuDeviceAttributeMemoryPoolsSupported                       cudaDevAttrMemoryPoolsSupported
gpuDeviceAttributeMultiGpuBoardGroupID                       cudaDevAttrMultiGpuBoardGroupID
gpuDeviceAttributeMultiprocessorCount                        cudaDevAttrMultiProcessorCount
gpuDeviceAttributePageableMemoryAccess                       cudaDevAttrPageableMemoryAccess
gpuDeviceAttributePageableMemoryAccessUsesHostPageTables     cudaDevAttrPageableMemoryAccessUsesHostPageTables
gpuDeviceAttributePciBusId                                   cudaDevAttrPciBusId
gpuDeviceAttributePciDeviceId                                cudaDevAttrPciDeviceId
gpuDeviceAttributePciDomainID                                cudaDevAttrPciDomainId
gpuDeviceAttributeSharedMemPerBlockOptin                     cudaDevAttrMaxSharedMemoryPerBlockOptin
gpuDeviceAttributeSingleToDoublePrecisionPerfRatio           cudaDevAttrSingleToDoublePrecisionPerfRatio
gpuDeviceAttributeStreamPrioritiesSupported                  cudaDevAttrStreamPrioritiesSupported
gpuDeviceAttributeSurfaceAlignment                           cudaDevAttrSurfaceAlignment
gpuDeviceAttributeTccDriver                                  cudaDevAttrTccDriver
gpuDeviceAttributeTextureAlignment                           cudaDevAttrTextureAlignment
gpuDeviceAttributeTexturePitchAlignment                      cudaDevAttrTexturePitchAlignment
gpuDeviceAttributeTotalConstantMemory                        cudaDevAttrTotalConstantMemory
gpuDeviceAttributeUnifiedAddressing                          cudaDevAttrUnifiedAddressing
gpuDeviceAttributeVirtualMemoryManagementSupported           CU_DEVICE_ATTRIBUTE_VIRTUAL_MEMORY_MANAGEMENT_SUPPORTED
gpuDeviceAttributeWarpSize                                   cudaDevAttrWarpSize
gpuDeviceAttribute_t                                         cudaDeviceAttr
gpuDeviceCanAccessPeer                                       cuDeviceCanAccessPeer
gpuDeviceComputeCapability                                   cuDeviceComputeCapability
gpuDeviceGet                                                 cuDeviceGet
gpuDeviceGetAttribute                                        cuDeviceGetAttribute
gpuDeviceGetByPCIBusId                                       cuDeviceGetByPCIBusId
gpuDeviceGetCacheConfig                                      cudaThreadGetCacheConfig
gpuDeviceGetDefaultMemPool                                   cuDeviceGetDefaultMemPool
gpuDeviceGetGraphMemAttribute                                cuDeviceGetGraphMemAttribute
gpuDeviceGetLimit                                            cuCtxGetLimit
gpuDeviceGetMemPool                                          cuDeviceGetMemPool
gpuDeviceGetName                                             cuDeviceGetName
gpuDeviceGetP2PAttribute                                     cuDeviceGetP2PAttribute
gpuDeviceGetPCIBusId                                         cuDeviceGetPCIBusId
gpuDeviceGetStreamPriorityRange                              cuCtxGetStreamPriorityRange
gpuDeviceGetUuid                                             cuDeviceGetUuid
gpuDeviceGraphMemTrim                                        cuDeviceGraphMemTrim
gpuDeviceLmemResizeToMax                                     CU_CTX_LMEM_RESIZE_TO_MAX
gpuDeviceMapHost                                             CU_CTX_MAP_HOST
gpuDeviceP2PAttr                                             CUdevice_P2PAttribute
gpuDevicePrimaryCtxGetState                                  cuDevicePrimaryCtxGetState
gpuDevicePrimaryCtxRelease                                   cuDevicePrimaryCtxRelease_v2
gpuDevicePrimaryCtxReset                                     cuDevicePrimaryCtxReset_v2
gpuDevicePrimaryCtxRetain                                    cuDevicePrimaryCtxRetain
gpuDevicePrimaryCtxSetFlags                                  cuDevicePrimaryCtxSetFlags_v2
gpuDeviceProp_t                                              cudaDeviceProp
gpuDeviceReset                                               cudaThreadExit
gpuDeviceScheduleAuto                                        CU_CTX_SCHED_AUTO
gpuDeviceScheduleBlockingSync                                cudaDeviceBlockingSync
gpuDeviceScheduleMask                                        CU_CTX_SCHED_MASK
gpuDeviceScheduleSpin                                        CU_CTX_SCHED_SPIN
gpuDeviceScheduleYield                                       CU_CTX_SCHED_YIELD
gpuDeviceSetCacheConfig                                      cudaThreadSetCacheConfig
gpuDeviceSetGraphMemAttribute                                cuDeviceSetGraphMemAttribute
gpuDeviceSetLimit                                            cuCtxSetLimit
gpuDeviceSetMemPool                                          cuDeviceSetMemPool
gpuDeviceSynchronize                                         cudaThreadSynchronize
gpuDeviceTotalMem                                            cuDeviceTotalMem_v2
gpuDevice_t                                                  CUdevice
gpuDeviceptr_t                                               CUdeviceptr
gpuDoubleComplex                                             cuDoubleComplex
gpuDriverGetVersion                                          cuDriverGetVersion
gpuDrvGetErrorName                                           cuGetErrorName
gpuDrvGetErrorString                                         cuGetErrorString
gpuDrvMemcpy2DUnaligned                                      cuMemcpy2DUnaligned_v2
gpuDrvMemcpy3D                                               cuMemcpy3D_v2
gpuDrvMemcpy3DAsync                                          cuMemcpy3DAsync_v2
gpuDrvPointerGetAttributes                                   cuPointerGetAttributes
gpuErrorAlreadyAcquired                                      CUDA_ERROR_ALREADY_ACQUIRED
gpuErrorAlreadyMapped                                        CUDA_ERROR_ALREADY_MAPPED
gpuErrorArrayIsMapped                                        CUDA_ERROR_ARRAY_IS_MAPPED
gpuErrorAssert                                               CUDA_ERROR_ASSERT
gpuErrorCapturedEvent                                        CUDA_ERROR_CAPTURED_EVENT
gpuErrorContextAlreadyCurrent                                CUDA_ERROR_CONTEXT_ALREADY_CURRENT
gpuErrorContextAlreadyInUse                                  cudaErrorDeviceAlreadyInUse
gpuErrorContextIsDestroyed                                   CUDA_ERROR_CONTEXT_IS_DESTROYED
gpuErrorCooperativeLaunchTooLarge                            CUDA_ERROR_COOPERATIVE_LAUNCH_TOO_LARGE
gpuErrorDeinitialized                                        cudaErrorCudartUnloading
gpuErrorECCNotCorrectable                                    cudaErrorECCUncorrectable
gpuErrorFileNotFound                                         CUDA_ERROR_FILE_NOT_FOUND
gpuErrorGraphExecUpdateFailure                               CUDA_ERROR_GRAPH_EXEC_UPDATE_FAILURE
gpuErrorHostMemoryAlreadyRegistered                          CUDA_ERROR_HOST_MEMORY_ALREADY_REGISTERED
gpuErrorHostMemoryNotRegistered                              CUDA_ERROR_HOST_MEMORY_NOT_REGISTERED
gpuErrorIllegalAddress                                       CUDA_ERROR_ILLEGAL_ADDRESS
gpuErrorIllegalState                                         CUDA_ERROR_ILLEGAL_STATE
gpuErrorInvalidContext                                       cudaErrorDeviceUninitialized
gpuErrorInvalidDevice                                        CUDA_ERROR_INVALID_DEVICE
gpuErrorInvalidGraphicsContext                               CUDA_ERROR_INVALID_GRAPHICS_CONTEXT
gpuErrorInvalidHandle                                        cudaErrorInvalidResourceHandle
gpuErrorInvalidImage                                         cudaErrorInvalidKernelImage
gpuErrorInvalidKernelFile                                    cudaErrorInvalidPtx
gpuErrorInvalidSource                                        CUDA_ERROR_INVALID_SOURCE
gpuErrorInvalidValue                                         CUDA_ERROR_INVALID_VALUE
gpuErrorLaunchFailure                                        CUDA_ERROR_LAUNCH_FAILED
gpuErrorLaunchOutOfResources                                 CUDA_ERROR_LAUNCH_OUT_OF_RESOURCES
gpuErrorLaunchTimeOut                                        cudaErrorLaunchTimeout
gpuErrorMapFailed                                            cudaErrorMapBufferObjectFailed
gpuErrorNoBinaryForGpu                                       cudaErrorNoKernelImageForDevice
gpuErrorNoDevice                                             CUDA_ERROR_NO_DEVICE
gpuErrorNotFound                                             cudaErrorSymbolNotFound
gpuErrorNotInitialized                                       cudaErrorInitializationError
gpuErrorNotMapped                                            CUDA_ERROR_NOT_MAPPED
gpuErrorNotMappedAsArray                                     CUDA_ERROR_NOT_MAPPED_AS_ARRAY
gpuErrorNotMappedAsPointer                                   CUDA_ERROR_NOT_MAPPED_AS_POINTER
gpuErrorNotReady                                             CUDA_ERROR_NOT_READY
gpuErrorNotSupported                                         CUDA_ERROR_NOT_SUPPORTED
gpuErrorOperatingSystem                                      CUDA_ERROR_OPERATING_SYSTEM
gpuErrorOutOfMemory                                          cudaErrorMemoryAllocation
gpuErrorPeerAccessAlreadyEnabled                             CUDA_ERROR_PEER_ACCESS_ALREADY_ENABLED
gpuErrorPeerAccessNotEnabled                                 CUDA_ERROR_PEER_ACCESS_NOT_ENABLED
gpuErrorPeerAccessUnsupported                                CUDA_ERROR_PEER_ACCESS_UNSUPPORTED
gpuErrorProfilerAlreadyStarted                               CUDA_ERROR_PROFILER_ALREADY_STARTED
gpuErrorProfilerAlreadyStopped                               CUDA_ERROR_PROFILER_ALREADY_STOPPED
gpuErrorProfilerDisabled                                     CUDA_ERROR_PROFILER_DISABLED
gpuErrorProfilerNotInitialized                               CUDA_ERROR_PROFILER_NOT_INITIALIZED
gpuErrorSetOnActiveProcess                                   CUDA_ERROR_PRIMARY_CONTEXT_ACTIVE
gpuErrorSharedObjectInitFailed                               CUDA_ERROR_SHARED_OBJECT_INIT_FAILED
gpuErrorSharedObjectSymbolNotFound                           CUDA_ERROR_SHARED_OBJECT_SYMBOL_NOT_FOUND
gpuErrorStreamCaptureImplicit                                CUDA_ERROR_STREAM_CAPTURE_IMPLICIT
gpuErrorStreamCaptureInvalidated                             CUDA_ERROR_STREAM_CAPTURE_INVALIDATED
gpuErrorStreamCaptureIsolation                               CUDA_ERROR_STREAM_CAPTURE_ISOLATION
gpuErrorStreamCaptureMerge                                   CUDA_ERROR_STREAM_CAPTURE_MERGE
gpuErrorStreamCaptureUnjoined                                CUDA_ERROR_STREAM_CAPTURE_UNJOINED
gpuErrorStreamCaptureUnmatched                               CUDA_ERROR_STREAM_CAPTURE_UNMATCHED
gpuErrorStreamCaptureUnsupported                             CUDA_ERROR_STREAM_CAPTURE_UNSUPPORTED
gpuErrorStreamCaptureWrongThread                             CUDA_ERROR_STREAM_CAPTURE_WRONG_THREAD
gpuErrorUnknown                                              CUDA_ERROR_UNKNOWN
gpuErrorUnmapFailed                                          cudaErrorUnmapBufferObjectFailed
gpuErrorUnsupportedLimit                                     CUDA_ERROR_UNSUPPORTED_LIMIT
gpuError_t                                                   cudaError
gpuEventBlockingSync                                         CU_EVENT_BLOCKING_SYNC
gpuEventCreateWithFlags                                      cuEventCreate
gpuEventDefault                                              CU_EVENT_DEFAULT
gpuEventDestroy                                              cuEventDestroy_v2
gpuEventDisableTiming                                        CU_EVENT_DISABLE_TIMING
gpuEventElapsedTime                                          cuEventElapsedTime
gpuEventInterprocess                                         CU_EVENT_INTERPROCESS
gpuEventQuery                                                cuEventQuery
gpuEventRecord                                               cuEventRecord
gpuEventSynchronize                                          cuEventSynchronize
gpuEvent_t                                                   CUevent
gpuExternalMemoryBufferDesc                                  CUDA_EXTERNAL_MEMORY_BUFFER_DESC
gpuExternalMemoryBufferDesc_st                               CUDA_EXTERNAL_MEMORY_BUFFER_DESC_st
gpuExternalMemoryDedicated                                   CUDA_EXTERNAL_MEMORY_DEDICATED
gpuExternalMemoryGetMappedBuffer                             cuExternalMemoryGetMappedBuffer
gpuExternalMemoryHandleDesc                                  CUDA_EXTERNAL_MEMORY_HANDLE_DESC
gpuExternalMemoryHandleDesc_st                               CUDA_EXTERNAL_MEMORY_HANDLE_DESC_st
gpuExternalMemoryHandleType                                  CUexternalMemoryHandleType
gpuExternalMemoryHandleTypeD3D11Resource                     CU_EXTERNAL_MEMORY_HANDLE_TYPE_D3D11_RESOURCE
gpuExternalMemoryHandleTypeD3D11ResourceKmt                  CU_EXTERNAL_MEMORY_HANDLE_TYPE_D3D11_RESOURCE_KMT
gpuExternalMemoryHandleTypeD3D12Heap                         CU_EXTERNAL_MEMORY_HANDLE_TYPE_D3D12_HEAP
gpuExternalMemoryHandleTypeD3D12Resource                     CU_EXTERNAL_MEMORY_HANDLE_TYPE_D3D12_RESOURCE
gpuExternalMemoryHandleTypeOpaqueFd                          CU_EXTERNAL_MEMORY_HANDLE_TYPE_OPAQUE_FD
gpuExternalMemoryHandleTypeOpaqueWin32                       CU_EXTERNAL_MEMORY_HANDLE_TYPE_OPAQUE_WIN32
gpuExternalMemoryHandleTypeOpaqueWin32Kmt                    CU_EXTERNAL_MEMORY_HANDLE_TYPE_OPAQUE_WIN32_KMT
gpuExternalMemoryHandleType_enum                             CUexternalMemoryHandleType_enum
gpuExternalMemory_t                                          CUexternalMemory
gpuExternalSemaphoreHandleDesc                               CUDA_EXTERNAL_SEMAPHORE_HANDLE_DESC
gpuExternalSemaphoreHandleDesc_st                            CUDA_EXTERNAL_SEMAPHORE_HANDLE_DESC_st
gpuExternalSemaphoreHandleType                               CUexternalSemaphoreHandleType
gpuExternalSemaphoreHandleTypeD3D12Fence                     CU_EXTERNAL_SEMAPHORE_HANDLE_TYPE_D3D12_FENCE
gpuExternalSemaphoreHandleTypeOpaqueFd                       CU_EXTERNAL_SEMAPHORE_HANDLE_TYPE_OPAQUE_FD
gpuExternalSemaphoreHandleTypeOpaqueWin32                    CU_EXTERNAL_SEMAPHORE_HANDLE_TYPE_OPAQUE_WIN32
gpuExternalSemaphoreHandleTypeOpaqueWin32Kmt                 CU_EXTERNAL_SEMAPHORE_HANDLE_TYPE_OPAQUE_WIN32_KMT
gpuExternalSemaphoreHandleType_enum                          CUexternalSemaphoreHandleType_enum
gpuExternalSemaphoreSignalParams                             cudaExternalSemaphoreSignalParams_v1
gpuExternalSemaphoreSignalParams_st                          CUDA_EXTERNAL_SEMAPHORE_SIGNAL_PARAMS_st
gpuExternalSemaphoreWaitParams                               cudaExternalSemaphoreWaitParams_v1
gpuExternalSemaphoreWaitParams_st                            CUDA_EXTERNAL_SEMAPHORE_WAIT_PARAMS_st
gpuExternalSemaphore_t                                       CUexternalSemaphore
gpuFloatComplex                                              cuFloatComplex
gpuFree                                                      cuMemFree_v2
gpuFreeAsync                                                 cuMemFreeAsync
gpuFuncCachePreferEqual                                      CU_FUNC_CACHE_PREFER_EQUAL
gpuFuncCachePreferL1                                         CU_FUNC_CACHE_PREFER_L1
gpuFuncCachePreferNone                                       CU_FUNC_CACHE_PREFER_NONE
gpuFuncCachePreferShared                                     CU_FUNC_CACHE_PREFER_SHARED
gpuFuncCache_t                                               cudaFuncCache
gpuFuncGetAttribute                                          cuFuncGetAttribute
gpuFunctionLaunchParams                                      CUDA_LAUNCH_PARAMS
gpuFunctionLaunchParams_t                                    CUDA_LAUNCH_PARAMS_st
gpuFunction_attribute                                        CUfunction_attribute
gpuFunction_t                                                CUfunction
gpuGetDeviceCount                                            cuDeviceGetCount
gpuGraphAddChildGraphNode                                    cuGraphAddChildGraphNode
gpuGraphAddDependencies                                      cuGraphAddDependencies
gpuGraphAddEmptyNode                                         cuGraphAddEmptyNode
gpuGraphAddEventRecordNode                                   cuGraphAddEventRecordNode
gpuGraphAddEventWaitNode                                     cuGraphAddEventWaitNode
gpuGraphAddHostNode                                          cuGraphAddHostNode
gpuGraphAddKernelNode                                        cuGraphAddKernelNode
gpuGraphAddMemAllocNode                                      cuGraphAddMemAllocNode
gpuGraphAddMemFreeNode                                       cuGraphAddMemFreeNode
gpuGraphChildGraphNodeGetGraph                               cuGraphChildGraphNodeGetGraph
gpuGraphClone                                                cuGraphClone
gpuGraphCreate                                               cuGraphCreate
gpuGraphDebugDotFlags                                        CUgraphDebugDot_flags
gpuGraphDebugDotFlagsEventNodeParams                         CU_GRAPH_DEBUG_DOT_FLAGS_EVENT_NODE_PARAMS
gpuGraphDebugDotFlagsExtSemasSignalNodeParams                CU_GRAPH_DEBUG_DOT_FLAGS_EXT_SEMAS_SIGNAL_NODE_PARAMS
gpuGraphDebugDotFlagsExtSemasWaitNodeParams                  CU_GRAPH_DEBUG_DOT_FLAGS_EXT_SEMAS_WAIT_NODE_PARAMS
gpuGraphDebugDotFlagsHandles                                 CU_GRAPH_DEBUG_DOT_FLAGS_HANDLES
gpuGraphDebugDotFlagsHostNodeParams                          CU_GRAPH_DEBUG_DOT_FLAGS_HOST_NODE_PARAMS
gpuGraphDebugDotFlagsKernelNodeAttributes                    CU_GRAPH_DEBUG_DOT_FLAGS_KERNEL_NODE_ATTRIBUTES
gpuGraphDebugDotFlagsKernelNodeParams                        CU_GRAPH_DEBUG_DOT_FLAGS_KERNEL_NODE_PARAMS
gpuGraphDebugDotFlagsMemcpyNodeParams                        CU_GRAPH_DEBUG_DOT_FLAGS_MEMCPY_NODE_PARAMS
gpuGraphDebugDotFlagsMemsetNodeParams                        CU_GRAPH_DEBUG_DOT_FLAGS_MEMSET_NODE_PARAMS
gpuGraphDebugDotFlagsVerbose                                 CU_GRAPH_DEBUG_DOT_FLAGS_VERBOSE
gpuGraphDebugDotPrint                                        cuGraphDebugDotPrint
gpuGraphDestroy                                              cuGraphDestroy
gpuGraphDestroyNode                                          cuGraphDestroyNode
gpuGraphEventRecordNodeGetEvent                              cuGraphEventRecordNodeGetEvent
gpuGraphEventRecordNodeSetEvent                              cuGraphEventRecordNodeSetEvent
gpuGraphEventWaitNodeGetEvent                                cuGraphEventWaitNodeGetEvent
gpuGraphEventWaitNodeSetEvent                                cuGraphEventWaitNodeSetEvent
gpuGraphExecChildGraphNodeSetParams                          cuGraphExecChildGraphNodeSetParams
gpuGraphExecDestroy                                          cuGraphExecDestroy
gpuGraphExecEventRecordNodeSetEvent                          cuGraphExecEventRecordNodeSetEvent
gpuGraphExecEventWaitNodeSetEvent                            cuGraphExecEventWaitNodeSetEvent
gpuGraphExecHostNodeSetParams                                cuGraphExecHostNodeSetParams
gpuGraphExecKernelNodeSetParams                              cuGraphExecKernelNodeSetParams
gpuGraphExecUpdate                                           cuGraphExecUpdate
gpuGraphExecUpdateError                                      CU_GRAPH_EXEC_UPDATE_ERROR
gpuGraphExecUpdateErrorFunctionChanged                       CU_GRAPH_EXEC_UPDATE_ERROR_FUNCTION_CHANGED
gpuGraphExecUpdateErrorNodeTypeChanged                       CU_GRAPH_EXEC_UPDATE_ERROR_NODE_TYPE_CHANGED
gpuGraphExecUpdateErrorNotSupported                          CU_GRAPH_EXEC_UPDATE_ERROR_NOT_SUPPORTED
gpuGraphExecUpdateErrorParametersChanged                     CU_GRAPH_EXEC_UPDATE_ERROR_PARAMETERS_CHANGED
gpuGraphExecUpdateErrorTopologyChanged                       CU_GRAPH_EXEC_UPDATE_ERROR_TOPOLOGY_CHANGED
gpuGraphExecUpdateErrorUnsupportedFunctionChange             CU_GRAPH_EXEC_UPDATE_ERROR_UNSUPPORTED_FUNCTION_CHANGE
gpuGraphExecUpdateResult                                     CUgraphExecUpdateResult
gpuGraphExecUpdateSuccess                                    CU_GRAPH_EXEC_UPDATE_SUCCESS
gpuGraphExec_t                                               CUgraphExec
gpuGraphGetEdges                                             cuGraphGetEdges
gpuGraphGetNodes                                             cuGraphGetNodes
gpuGraphGetRootNodes                                         cuGraphGetRootNodes
gpuGraphHostNodeGetParams                                    cuGraphHostNodeGetParams
gpuGraphHostNodeSetParams                                    cuGraphHostNodeSetParams
gpuGraphInstantiate                                          cuGraphInstantiate_v2
gpuGraphInstantiateFlagAutoFreeOnLaunch                      CUDA_GRAPH_INSTANTIATE_FLAG_AUTO_FREE_ON_LAUNCH
gpuGraphInstantiateFlagUseNodePriority                       CUDA_GRAPH_INSTANTIATE_FLAG_USE_NODE_PRIORITY
gpuGraphInstantiateFlags                                     CUgraphInstantiate_flags
gpuGraphInstantiateWithFlags                                 cuGraphInstantiateWithFlags
gpuGraphKernelNodeCopyAttributes                             cuGraphKernelNodeCopyAttributes
gpuGraphKernelNodeGetAttribute                               cuGraphKernelNodeGetAttribute
gpuGraphKernelNodeGetParams                                  cuGraphKernelNodeGetParams
gpuGraphKernelNodeSetAttribute                               cuGraphKernelNodeSetAttribute
gpuGraphKernelNodeSetParams                                  cuGraphKernelNodeSetParams
gpuGraphLaunch                                               cuGraphLaunch
gpuGraphMemAllocNodeGetParams                                cuGraphMemAllocNodeGetParams
gpuGraphMemAttrReservedMemCurrent                            CU_GRAPH_MEM_ATTR_RESERVED_MEM_CURRENT
gpuGraphMemAttrReservedMemHigh                               CU_GRAPH_MEM_ATTR_RESERVED_MEM_HIGH
gpuGraphMemAttrUsedMemCurrent                                CU_GRAPH_MEM_ATTR_USED_MEM_CURRENT
gpuGraphMemAttrUsedMemHigh                                   CU_GRAPH_MEM_ATTR_USED_MEM_HIGH
gpuGraphMemAttributeType                                     CUgraphMem_attribute
gpuGraphMemFreeNodeGetParams                                 cuGraphMemFreeNodeGetParams
gpuGraphMemcpyNodeGetParams                                  cuGraphMemcpyNodeGetParams
gpuGraphMemcpyNodeSetParams                                  cuGraphMemcpyNodeSetParams
gpuGraphMemsetNodeGetParams                                  cuGraphMemsetNodeGetParams
gpuGraphMemsetNodeSetParams                                  cuGraphMemsetNodeSetParams
gpuGraphNodeFindInClone                                      cuGraphNodeFindInClone
gpuGraphNodeGetDependencies                                  cuGraphNodeGetDependencies
gpuGraphNodeGetDependentNodes                                cuGraphNodeGetDependentNodes
gpuGraphNodeGetEnabled                                       cuGraphNodeGetEnabled
gpuGraphNodeGetType                                          cuGraphNodeGetType
gpuGraphNodeSetEnabled                                       cuGraphNodeSetEnabled
gpuGraphNodeType                                             CUgraphNodeType
gpuGraphNodeTypeEmpty                                        CU_GRAPH_NODE_TYPE_EMPTY
gpuGraphNodeTypeEventRecord                                  CU_GRAPH_NODE_TYPE_EVENT_RECORD
gpuGraphNodeTypeExtSemaphoreSignal                           CU_GRAPH_NODE_TYPE_EXT_SEMAS_SIGNAL
gpuGraphNodeTypeExtSemaphoreWait                             CU_GRAPH_NODE_TYPE_EXT_SEMAS_WAIT
gpuGraphNodeTypeGraph                                        CU_GRAPH_NODE_TYPE_GRAPH
gpuGraphNodeTypeHost                                         CU_GRAPH_NODE_TYPE_HOST
gpuGraphNodeTypeKernel                                       CU_GRAPH_NODE_TYPE_KERNEL
gpuGraphNodeTypeMemAlloc                                     CU_GRAPH_NODE_TYPE_MEM_ALLOC
gpuGraphNodeTypeMemFree                                      CU_GRAPH_NODE_TYPE_MEM_FREE
gpuGraphNodeTypeMemcpy                                       CU_GRAPH_NODE_TYPE_MEMCPY
gpuGraphNodeTypeMemset                                       CU_GRAPH_NODE_TYPE_MEMSET
gpuGraphNodeTypeWaitEvent                                    CU_GRAPH_NODE_TYPE_WAIT_EVENT
gpuGraphNode_t                                               CUgraphNode
gpuGraphReleaseUserObject                                    cuGraphReleaseUserObject
gpuGraphRemoveDependencies                                   cuGraphRemoveDependencies
gpuGraphRetainUserObject                                     cuGraphRetainUserObject
gpuGraphUpload                                               cuGraphUpload
gpuGraphUserObjectMove                                       CU_GRAPH_USER_OBJECT_MOVE
gpuGraph_t                                                   CUgraph
gpuGraphicsMapResources                                      cuGraphicsMapResources
gpuGraphicsRegisterFlags                                     CUgraphicsRegisterFlags
gpuGraphicsRegisterFlagsNone                                 CU_GRAPHICS_REGISTER_FLAGS_NONE
gpuGraphicsRegisterFlagsReadOnly                             CU_GRAPHICS_REGISTER_FLAGS_READ_ONLY
gpuGraphicsRegisterFlagsSurfaceLoadStore                     CU_GRAPHICS_REGISTER_FLAGS_SURFACE_LDST
gpuGraphicsRegisterFlagsTextureGather                        CU_GRAPHICS_REGISTER_FLAGS_TEXTURE_GATHER
gpuGraphicsRegisterFlagsWriteDiscard                         CU_GRAPHICS_REGISTER_FLAGS_WRITE_DISCARD
gpuGraphicsResourceGetMappedPointer                          cuGraphicsResourceGetMappedPointer_v2
gpuGraphicsResource_t                                        CUgraphicsResource
gpuGraphicsSubResourceGetMappedArray                         cuGraphicsSubResourceGetMappedArray
gpuGraphicsUnmapResources                                    cuGraphicsUnmapResources
gpuGraphicsUnregisterResource                                cuGraphicsUnregisterResource
gpuHostAlloc                                                 cuMemHostAlloc
gpuHostFn_t                                                  CUhostFn
gpuHostFree                                                  cudaFreeHost
gpuHostGetDevicePointer                                      cuMemHostGetDevicePointer_v2
gpuHostGetFlags                                              cuMemHostGetFlags
gpuHostMalloc                                                cudaMallocHost
gpuHostMallocDefault                                         cudaHostAllocDefault
gpuHostMallocMapped                                          cudaHostAllocMapped
gpuHostMallocPortable                                        cudaHostAllocPortable
gpuHostMallocWriteCombined                                   cudaHostAllocWriteCombined
gpuHostNodeParams                                            CUDA_HOST_NODE_PARAMS
gpuHostRegister                                              cuMemHostRegister_v2
gpuHostRegisterIoMemory                                      CU_MEMHOSTREGISTER_IOMEMORY
gpuHostRegisterMapped                                        CU_MEMHOSTREGISTER_DEVICEMAP
gpuHostRegisterPortable                                      CU_MEMHOSTREGISTER_PORTABLE
gpuHostRegisterReadOnly                                      CU_MEMHOSTREGISTER_READ_ONLY
gpuHostUnregister                                            cuMemHostUnregister
gpuImportExternalMemory                                      cuImportExternalMemory
gpuImportExternalSemaphore                                   cuImportExternalSemaphore
gpuInit                                                      cuInit
gpuInvalidDeviceId                                           CU_DEVICE_INVALID
gpuIpcCloseMemHandle                                         cuIpcCloseMemHandle
gpuIpcEventHandle_st                                         CUipcEventHandle_st
gpuIpcEventHandle_t                                          CUipcEventHandle
gpuIpcGetEventHandle                                         cuIpcGetEventHandle
gpuIpcGetMemHandle                                           cuIpcGetMemHandle
gpuIpcMemHandle_st                                           CUipcMemHandle_st
gpuIpcMemHandle_t                                            CUipcMemHandle
gpuIpcMemLazyEnablePeerAccess                                CU_IPC_MEM_LAZY_ENABLE_PEER_ACCESS
gpuIpcOpenEventHandle                                        cuIpcOpenEventHandle
gpuIpcOpenMemHandle                                          cuIpcOpenMemHandle
gpuJitOption                                                 CUjit_option
gpuKernelNodeAttrID                                          CUkernelNodeAttrID
gpuKernelNodeAttrValue                                       CUkernelNodeAttrValue
gpuKernelNodeAttributeAccessPolicyWindow                     CU_KERNEL_NODE_ATTRIBUTE_ACCESS_POLICY_WINDOW
gpuKernelNodeAttributeCooperative                            CU_KERNEL_NODE_ATTRIBUTE_COOPERATIVE
gpuKernelNodeParams                                          CUDA_KERNEL_NODE_PARAMS
gpuLaunchHostFunc                                            cuLaunchHostFunc
gpuLimitMallocHeapSize                                       CU_LIMIT_MALLOC_HEAP_SIZE
gpuLimitPrintfFifoSize                                       CU_LIMIT_PRINTF_FIFO_SIZE
gpuLimitStackSize                                            CU_LIMIT_STACK_SIZE
gpuLimit_t                                                   cudaLimit
gpuMalloc                                                    cuMemAlloc_v2
gpuMallocAsync                                               cuMemAllocAsync
gpuMallocFromPoolAsync                                       cuMemAllocFromPoolAsync
gpuMallocManaged                                             cuMemAllocManaged
gpuMemAccessDesc                                             CUmemAccessDesc
gpuMemAccessFlags                                            CUmemAccess_flags
gpuMemAccessFlagsProtNone                                    CU_MEM_ACCESS_FLAGS_PROT_NONE
gpuMemAccessFlagsProtRead                                    CU_MEM_ACCESS_FLAGS_PROT_READ
gpuMemAccessFlagsProtReadWrite                               CU_MEM_ACCESS_FLAGS_PROT_READWRITE
gpuMemAddressFree                                            cuMemAddressFree
gpuMemAddressReserve                                         cuMemAddressReserve
gpuMemAdvise                                                 cuMemAdvise
gpuMemAdviseSetAccessedBy                                    CU_MEM_ADVISE_SET_ACCESSED_BY
gpuMemAdviseSetPreferredLocation                             CU_MEM_ADVISE_SET_PREFERRED_LOCATION
gpuMemAdviseSetReadMostly                                    CU_MEM_ADVISE_SET_READ_MOSTLY
gpuMemAdviseUnsetAccessedBy                                  CU_MEM_ADVISE_UNSET_ACCESSED_BY
gpuMemAdviseUnsetPreferredLocation                           CU_MEM_ADVISE_UNSET_PREFERRED_LOCATION
gpuMemAdviseUnsetReadMostly                                  CU_MEM_ADVISE_UNSET_READ_MOSTLY
gpuMemAllocHost                                              cuMemAllocHost_v2
gpuMemAllocNodeParams                                        CUDA_MEM_ALLOC_NODE_PARAMS
gpuMemAllocPitch                                             cuMemAllocPitch_v2
gpuMemAllocationGranularityMinimum                           CU_MEM_ALLOC_GRANULARITY_MINIMUM
gpuMemAllocationGranularityRecommended                       CU_MEM_ALLOC_GRANULARITY_RECOMMENDED
gpuMemAllocationGranularity_flags                            CUmemAllocationGranularity_flags
gpuMemAllocationHandleType                                   CUmemAllocationHandleType
gpuMemAllocationProp                                         CUmemAllocationProp
gpuMemAllocationType                                         CUmemAllocationType
gpuMemAllocationTypeInvalid                                  CU_MEM_ALLOCATION_TYPE_INVALID
gpuMemAllocationTypeMax                                      CU_MEM_ALLOCATION_TYPE_MAX
gpuMemAllocationTypePinned                                   CU_MEM_ALLOCATION_TYPE_PINNED
gpuMemAttachGlobal                                           CU_MEM_ATTACH_GLOBAL
gpuMemAttachHost                                             CU_MEM_ATTACH_HOST
gpuMemAttachSingle                                           CU_MEM_ATTACH_SINGLE
gpuMemCreate                                                 cuMemCreate
gpuMemExportToShareableHandle                                cuMemExportToShareableHandle
gpuMemGenericAllocationHandle_t                              CUmemGenericAllocationHandle
gpuMemGetAccess                                              cuMemGetAccess
gpuMemGetAddressRange                                        cuMemGetAddressRange_v2
gpuMemGetAllocationGranularity                               cuMemGetAllocationGranularity
gpuMemGetAllocationPropertiesFromHandle                      cuMemGetAllocationPropertiesFromHandle
gpuMemGetInfo                                                cuMemGetInfo_v2
gpuMemHandleType                                             CUmemHandleType
gpuMemHandleTypeGeneric                                      CU_MEM_HANDLE_TYPE_GENERIC
gpuMemHandleTypeNone                                         CU_MEM_HANDLE_TYPE_NONE
gpuMemHandleTypePosixFileDescriptor                          CU_MEM_HANDLE_TYPE_POSIX_FILE_DESCRIPTOR
gpuMemHandleTypeWin32                                        CU_MEM_HANDLE_TYPE_WIN32
gpuMemHandleTypeWin32Kmt                                     CU_MEM_HANDLE_TYPE_WIN32_KMT
gpuMemImportFromShareableHandle                              cuMemImportFromShareableHandle
gpuMemLocation                                               CUmemLocation
gpuMemLocationType                                           CUmemLocationType
gpuMemLocationTypeDevice                                     CU_MEM_LOCATION_TYPE_DEVICE
gpuMemLocationTypeInvalid                                    CU_MEM_LOCATION_TYPE_INVALID
gpuMemMap                                                    cuMemMap
gpuMemMapArrayAsync                                          cuMemMapArrayAsync
gpuMemOperationType                                          CUmemOperationType
gpuMemOperationTypeMap                                       CU_MEM_OPERATION_TYPE_MAP
gpuMemOperationTypeUnmap                                     CU_MEM_OPERATION_TYPE_UNMAP
gpuMemPoolAttr                                               CUmemPool_attribute
gpuMemPoolAttrReleaseThreshold                               CU_MEMPOOL_ATTR_RELEASE_THRESHOLD
gpuMemPoolAttrReservedMemCurrent                             CU_MEMPOOL_ATTR_RESERVED_MEM_CURRENT
gpuMemPoolAttrReservedMemHigh                                CU_MEMPOOL_ATTR_RESERVED_MEM_HIGH
gpuMemPoolAttrUsedMemCurrent                                 CU_MEMPOOL_ATTR_USED_MEM_CURRENT
gpuMemPoolAttrUsedMemHigh                                    CU_MEMPOOL_ATTR_USED_MEM_HIGH
gpuMemPoolCreate                                             cuMemPoolCreate
gpuMemPoolDestroy                                            cuMemPoolDestroy
gpuMemPoolExportPointer                                      cuMemPoolExportPointer
gpuMemPoolExportToShareableHandle                            cuMemPoolExportToShareableHandle
gpuMemPoolGetAccess                                          cuMemPoolGetAccess
gpuMemPoolGetAttribute                                       cuMemPoolGetAttribute
gpuMemPoolImportFromShareableHandle                          cuMemPoolImportFromShareableHandle
gpuMemPoolImportPointer                                      cuMemPoolImportPointer
gpuMemPoolProps                                              CUmemPoolProps
gpuMemPoolPtrExportData                                      CUmemPoolPtrExportData
gpuMemPoolReuseAllowInternalDependencies                     CU_MEMPOOL_ATTR_REUSE_ALLOW_INTERNAL_DEPENDENCIES
gpuMemPoolReuseAllowOpportunistic                            CU_MEMPOOL_ATTR_REUSE_ALLOW_OPPORTUNISTIC
gpuMemPoolReuseFollowEventDependencies                       CU_MEMPOOL_ATTR_REUSE_FOLLOW_EVENT_DEPENDENCIES
gpuMemPoolSetAccess                                          cuMemPoolSetAccess
gpuMemPoolSetAttribute                                       cuMemPoolSetAttribute
gpuMemPoolTrimTo                                             cuMemPoolTrimTo
gpuMemPool_t                                                 CUmemoryPool
gpuMemPrefetchAsync                                          cuMemPrefetchAsync
gpuMemRangeAttribute                                         CUmem_range_attribute
gpuMemRangeAttributeAccessedBy                               CU_MEM_RANGE_ATTRIBUTE_ACCESSED_BY
gpuMemRangeAttributeLastPrefetchLocation                     CU_MEM_RANGE_ATTRIBUTE_LAST_PREFETCH_LOCATION
gpuMemRangeAttributePreferredLocation                        CU_MEM_RANGE_ATTRIBUTE_PREFERRED_LOCATION
gpuMemRangeAttributeReadMostly                               CU_MEM_RANGE_ATTRIBUTE_READ_MOSTLY
gpuMemRangeGetAttribute                                      cuMemRangeGetAttribute
gpuMemRangeGetAttributes                                     cuMemRangeGetAttributes
gpuMemRelease                                                cuMemRelease
gpuMemRetainAllocationHandle                                 cuMemRetainAllocationHandle
gpuMemSetAccess                                              cuMemSetAccess
gpuMemUnmap                                                  cuMemUnmap
gpuMemcpyAtoH                                                cuMemcpyAtoH_v2
gpuMemcpyDtoD                                                cuMemcpyDtoD_v2
gpuMemcpyDtoDAsync                                           cuMemcpyDtoDAsync_v2
gpuMemcpyDtoH                                                cuMemcpyDtoH_v2
gpuMemcpyDtoHAsync                                           cuMemcpyDtoHAsync_v2
gpuMemcpyHtoA                                                cuMemcpyHtoA_v2
gpuMemcpyHtoD                                                cuMemcpyHtoD_v2
gpuMemcpyHtoDAsync                                           cuMemcpyHtoDAsync_v2
gpuMemcpyParam2D                                             cuMemcpy2D_v2
gpuMemcpyParam2DAsync                                        cuMemcpy2DAsync_v2
gpuMemoryAdvise                                              CUmem_advise
gpuMemoryType                                                CUmemorytype
gpuMemoryTypeArray                                           CU_MEMORYTYPE_ARRAY
gpuMemoryTypeDevice                                          CU_MEMORYTYPE_DEVICE
gpuMemoryTypeHost                                            CU_MEMORYTYPE_HOST
gpuMemoryTypeUnified                                         CU_MEMORYTYPE_UNIFIED
gpuMemsetD16                                                 cuMemsetD16_v2
gpuMemsetD16Async                                            cuMemsetD16Async
gpuMemsetD32                                                 cuMemsetD32_v2
gpuMemsetD32Async                                            cuMemsetD32Async
gpuMemsetD8                                                  cuMemsetD8_v2
gpuMemsetD8Async                                             cuMemsetD8Async
gpuMemsetParams                                              CUDA_MEMSET_NODE_PARAMS
gpuMipmappedArrayCreate                                      cuMipmappedArrayCreate
gpuMipmappedArrayDestroy                                     cuMipmappedArrayDestroy
gpuMipmappedArrayGetLevel                                    cuMipmappedArrayGetLevel
gpuMipmappedArray_t                                          CUmipmappedArray
gpuModuleGetFunction                                         cuModuleGetFunction
gpuModuleGetGlobal                                           cuModuleGetGlobal_v2
gpuModuleGetTexRef                                           cuModuleGetTexRef
gpuModuleLaunchCooperativeKernel                             cuLaunchCooperativeKernel
gpuModuleLaunchCooperativeKernelMultiDevice                  cuLaunchCooperativeKernelMultiDevice
gpuModuleLaunchKernel                                        cuLaunchKernel
gpuModuleLoad                                                cuModuleLoad
gpuModuleLoadData                                            cuModuleLoadData
gpuModuleLoadDataEx                                          cuModuleLoadDataEx
gpuModuleOccupancyMaxActiveBlocksPerMultiprocessor           cuOccupancyMaxActiveBlocksPerMultiprocessor
gpuModuleOccupancyMaxActiveBlocksPerMultiprocessorWithFlags  cuOccupancyMaxActiveBlocksPerMultiprocessorWithFlags
gpuModuleOccupancyMaxPotentialBlockSize                      cuOccupancyMaxPotentialBlockSize
gpuModuleOccupancyMaxPotentialBlockSizeWithFlags             cuOccupancyMaxPotentialBlockSizeWithFlags
gpuModuleUnload                                              cuModuleUnload
gpuModule_t                                                  CUmodule
gpuOccupancyDefault                                          CU_OCCUPANCY_DEFAULT
gpuOccupancyDisableCachingOverride                           CU_OCCUPANCY_DISABLE_CACHING_OVERRIDE
gpuPointerAttribute_t                                        cudaPointerAttributes
gpuPointerGetAttribute                                       cuPointerGetAttribute
gpuPointerSetAttribute                                       cuPointerSetAttribute
gpuPointer_attribute                                         CUpointer_attribute
gpuSharedMemBankSizeDefault                                  CU_SHARED_MEM_CONFIG_DEFAULT_BANK_SIZE
gpuSharedMemBankSizeEightByte                                CU_SHARED_MEM_CONFIG_EIGHT_BYTE_BANK_SIZE
gpuSharedMemBankSizeFourByte                                 CU_SHARED_MEM_CONFIG_FOUR_BYTE_BANK_SIZE
gpuSharedMemConfig                                           CUsharedconfig
gpuSignalExternalSemaphoresAsync                             cuSignalExternalSemaphoresAsync
gpuStreamAddCallback                                         cuStreamAddCallback
gpuStreamAddCaptureDependencies                              CU_STREAM_ADD_CAPTURE_DEPENDENCIES
gpuStreamAttachMemAsync                                      cuStreamAttachMemAsync
gpuStreamBeginCapture                                        cuStreamBeginCapture_v2
gpuStreamCallback_t                                          CUstreamCallback
gpuStreamCaptureMode                                         CUstreamCaptureMode
gpuStreamCaptureModeGlobal                                   CU_STREAM_CAPTURE_MODE_GLOBAL
gpuStreamCaptureModeRelaxed                                  CU_STREAM_CAPTURE_MODE_RELAXED
gpuStreamCaptureModeThreadLocal                              CU_STREAM_CAPTURE_MODE_THREAD_LOCAL
gpuStreamCaptureStatus                                       CUstreamCaptureStatus
gpuStreamCaptureStatusActive                                 CU_STREAM_CAPTURE_STATUS_ACTIVE
gpuStreamCaptureStatusInvalidated                            CU_STREAM_CAPTURE_STATUS_INVALIDATED
gpuStreamCaptureStatusNone                                   CU_STREAM_CAPTURE_STATUS_NONE
gpuStreamCreateWithFlags                                     cuStreamCreate
gpuStreamCreateWithPriority                                  cuStreamCreateWithPriority
gpuStreamDefault                                             CU_STREAM_DEFAULT
gpuStreamDestroy                                             cuStreamDestroy_v2
gpuStreamEndCapture                                          cuStreamEndCapture
gpuStreamGetCaptureInfo                                      cuStreamGetCaptureInfo
gpuStreamGetCaptureInfo_v2                                   cuStreamGetCaptureInfo_v2
gpuStreamGetFlags                                            cuStreamGetFlags
gpuStreamGetPriority                                         cuStreamGetPriority
gpuStreamIsCapturing                                         cuStreamIsCapturing
gpuStreamNonBlocking                                         CU_STREAM_NON_BLOCKING
gpuStreamPerThread                                           CU_STREAM_PER_THREAD
gpuStreamQuery                                               cuStreamQuery
gpuStreamSetCaptureDependencies                              CU_STREAM_SET_CAPTURE_DEPENDENCIES
gpuStreamSynchronize                                         cuStreamSynchronize
gpuStreamUpdateCaptureDependencies                           cuStreamUpdateCaptureDependencies
gpuStreamUpdateCaptureDependenciesFlags                      CUstreamUpdateCaptureDependencies_flags
gpuStreamWaitEvent                                           cuStreamWaitEvent
gpuStreamWaitValue32                                         cuStreamWaitValue32
gpuStreamWaitValue64                                         cuStreamWaitValue64
gpuStreamWaitValueAnd                                        CU_STREAM_WAIT_VALUE_AND
gpuStreamWaitValueEq                                         CU_STREAM_WAIT_VALUE_EQ
gpuStreamWaitValueGte                                        CU_STREAM_WAIT_VALUE_GEQ
gpuStreamWaitValueNor                                        CU_STREAM_WAIT_VALUE_NOR
gpuStreamWriteValue32                                        cuStreamWriteValue32
gpuStreamWriteValue64                                        cuStreamWriteValue64
gpuStream_t                                                  CUstream
gpuSuccess                                                   CUDA_SUCCESS
gpuSurfaceObject_t                                           CUsurfObject
gpuTexObjectCreate                                           cuTexObjectCreate
gpuTexObjectDestroy                                          cuTexObjectDestroy
gpuTexObjectGetResourceDesc                                  cuTexObjectGetResourceDesc
gpuTexObjectGetResourceViewDesc                              cuTexObjectGetResourceViewDesc
gpuTexObjectGetTextureDesc                                   cuTexObjectGetTextureDesc
gpuTexRef                                                    CUtexref
gpuTexRefGetAddress                                          cuTexRefGetAddress_v2
gpuTexRefGetAddressMode                                      cuTexRefGetAddressMode
gpuTexRefGetFilterMode                                       cuTexRefGetFilterMode
gpuTexRefGetFlags                                            cuTexRefGetFlags
gpuTexRefGetFormat                                           cuTexRefGetFormat
gpuTexRefGetMaxAnisotropy                                    cuTexRefGetMaxAnisotropy
gpuTexRefGetMipMappedArray                                   cuTexRefGetMipmappedArray
gpuTexRefGetMipmapFilterMode                                 cuTexRefGetMipmapFilterMode
gpuTexRefGetMipmapLevelBias                                  cuTexRefGetMipmapLevelBias
gpuTexRefGetMipmapLevelClamp                                 cuTexRefGetMipmapLevelClamp
gpuTexRefSetAddress                                          cuTexRefSetAddress_v2
gpuTexRefSetAddress2D                                        cuTexRefSetAddress2D_v3
gpuTexRefSetAddressMode                                      cuTexRefSetAddressMode
gpuTexRefSetArray                                            cuTexRefSetArray
gpuTexRefSetBorderColor                                      cuTexRefSetBorderColor
gpuTexRefSetFilterMode                                       cuTexRefSetFilterMode
gpuTexRefSetFlags                                            cuTexRefSetFlags
gpuTexRefSetFormat                                           cuTexRefSetFormat
gpuTexRefSetMaxAnisotropy                                    cuTexRefSetMaxAnisotropy
gpuTexRefSetMipmapFilterMode                                 cuTexRefSetMipmapFilterMode
gpuTexRefSetMipmapLevelBias                                  cuTexRefSetMipmapLevelBias
gpuTexRefSetMipmapLevelClamp                                 cuTexRefSetMipmapLevelClamp
gpuTexRefSetMipmappedArray                                   cuTexRefSetMipmappedArray
gpuTextureObject_t                                           CUtexObject
gpuThreadExchangeStreamCaptureMode                           cuThreadExchangeStreamCaptureMode
gpuUUID                                                      CUuuid
gpuUUID_t                                                    CUuuid_st
gpuUserObjectCreate                                          cuUserObjectCreate
gpuUserObjectFlags                                           CUuserObject_flags
gpuUserObjectNoDestructorSync                                CU_USER_OBJECT_NO_DESTRUCTOR_SYNC
gpuUserObjectRelease                                         cuUserObjectRelease
gpuUserObjectRetain                                          cuUserObjectRetain
gpuUserObjectRetainFlags                                     CUuserObjectRetain_flags
gpuUserObject_t                                              CUuserObject
gpuWaitExternalSemaphoresAsync                               cuWaitExternalSemaphoresAsync
gpu_Memcpy2D                                                 CUDA_MEMCPY2D
gpublasCaxpy                                                 cublasCaxpy_v2
gpublasCcopy                                                 cublasCcopy_v2
gpublasCdotc                                                 cublasCdotc_v2
gpublasCdotu                                                 cublasCdotu_v2
gpublasCgbmv                                                 cublasCgbmv_v2
gpublasCgemm                                                 cublasCgemm_v2
gpublasCgemv                                                 cublasCgemv_v2
gpublasCgerc                                                 cublasCgerc_v2
gpublasCgeru                                                 cublasCgeru_v2
gpublasChbmv                                                 cublasChbmv_v2
gpublasChemm                                                 cublasChemm_v2
gpublasChemv                                                 cublasChemv_v2
gpublasCher                                                  cublasCher_v2
gpublasCher2                                                 cublasCher2_v2
gpublasCher2k                                                cublasCher2k_v2
gpublasCherk                                                 cublasCherk_v2
gpublasChpmv                                                 cublasChpmv_v2
gpublasChpr                                                  cublasChpr_v2
gpublasChpr2                                                 cublasChpr2_v2
gpublasCreate                                                cublasCreate_v2
gpublasCrot                                                  cublasCrot_v2
gpublasCrotg                                                 cublasCrotg_v2
gpublasCscal                                                 cublasCscal_v2
gpublasCsrot                                                 cublasCsrot_v2
gpublasCsscal                                                cublasCsscal_v2
gpublasCswap                                                 cublasCswap_v2
gpublasCsymm                                                 cublasCsymm_v2
gpublasCsymv                                                 cublasCsymv_v2
gpublasCsyr                                                  cublasCsyr_v2
gpublasCsyr2                                                 cublasCsyr2_v2
gpublasCsyr2k                                                cublasCsyr2k_v2
gpublasCsyrk                                                 cublasCsyrk_v2
gpublasCtbmv                                                 cublasCtbmv_v2
gpublasCtbsv                                                 cublasCtbsv_v2
gpublasCtpmv                                                 cublasCtpmv_v2
gpublasCtpsv                                                 cublasCtpsv_v2
gpublasCtrmm                                                 cublasCtrmm_v2
gpublasCtrmv                                                 cublasCtrmv_v2
gpublasCtrsm                                                 cublasCtrsm_v2
gpublasCtrsv                                                 cublasCtrsv_v2
gpublasDasum                                                 cublasDasum_v2
gpublasDatatype_t                                            cudaDataType
gpublasDaxpy                                                 cublasDaxpy_v2
gpublasDcopy                                                 cublasDcopy_v2
gpublasDdot                                                  cublasDdot_v2
gpublasDestroy                                               cublasDestroy_v2
gpublasDgbmv                                                 cublasDgbmv_v2
gpublasDgemm                                                 cublasDgemm_v2
gpublasDgemv                                                 cublasDgemv_v2
gpublasDger                                                  cublasDger_v2
gpublasDnrm2                                                 cublasDnrm2_v2
gpublasDrot                                                  cublasDrot_v2
gpublasDrotg                                                 cublasDrotg_v2
gpublasDrotm                                                 cublasDrotm_v2
gpublasDrotmg                                                cublasDrotmg_v2
gpublasDsbmv                                                 cublasDsbmv_v2
gpublasDscal                                                 cublasDscal_v2
gpublasDspmv                                                 cublasDspmv_v2
gpublasDspr                                                  cublasDspr_v2
gpublasDspr2                                                 cublasDspr2_v2
gpublasDswap                                                 cublasDswap_v2
gpublasDsymm                                                 cublasDsymm_v2
gpublasDsymv                                                 cublasDsymv_v2
gpublasDsyr                                                  cublasDsyr_v2
gpublasDsyr2                                                 cublasDsyr2_v2
gpublasDsyr2k                                                cublasDsyr2k_v2
gpublasDsyrk                                                 cublasDsyrk_v2
gpublasDtbmv                                                 cublasDtbmv_v2
gpublasDtbsv                                                 cublasDtbsv_v2
gpublasDtpmv                                                 cublasDtpmv_v2
gpublasDtpsv                                                 cublasDtpsv_v2
gpublasDtrmm                                                 cublasDtrmm_v2
gpublasDtrmv                                                 cublasDtrmv_v2
gpublasDtrsm                                                 cublasDtrsm_v2
gpublasDtrsv                                                 cublasDtrsv_v2
gpublasDzasum                                                cublasDzasum_v2
gpublasDznrm2                                                cublasDznrm2_v2
gpublasGetPointerMode                                        cublasGetPointerMode_v2
gpublasGetStream                                             cublasGetStream_v2
gpublasIcamax                                                cublasIcamax_v2
gpublasIcamin                                                cublasIcamin_v2
gpublasIdamax                                                cublasIdamax_v2
gpublasIdamin                                                cublasIdamin_v2
gpublasIsamax                                                cublasIsamax_v2
gpublasIsamin                                                cublasIsamin_v2
gpublasIzamax                                                cublasIzamax_v2
gpublasIzamin                                                cublasIzamin_v2
gpublasSasum                                                 cublasSasum_v2
gpublasSaxpy                                                 cublasSaxpy_v2
gpublasScasum                                                cublasScasum_v2
gpublasScnrm2                                                cublasScnrm2_v2
gpublasScopy                                                 cublasScopy_v2
gpublasSdot                                                  cublasSdot_v2
gpublasSetPointerMode                                        cublasSetPointerMode_v2
gpublasSetStream                                             cublasSetStream_v2
gpublasSgbmv                                                 cublasSgbmv_v2
gpublasSgemm                                                 cublasSgemm_v2
gpublasSgemv                                                 cublasSgemv_v2
gpublasSger                                                  cublasSger_v2
gpublasSnrm2                                                 cublasSnrm2_v2
gpublasSrot                                                  cublasSrot_v2
gpublasSrotg                                                 cublasSrotg_v2
gpublasSrotm                                                 cublasSrotm_v2
gpublasSrotmg                                                cublasSrotmg_v2
gpublasSsbmv                                                 cublasSsbmv_v2
gpublasSscal                                                 cublasSscal_v2
gpublasSspmv                                                 cublasSspmv_v2
gpublasSspr                                                  cublasSspr_v2
gpublasSspr2                                                 cublasSspr2_v2
gpublasSswap                                                 cublasSswap_v2
gpublasSsymm                                                 cublasSsymm_v2
gpublasSsymv                                                 cublasSsymv_v2
gpublasSsyr                                                  cublasSsyr_v2
gpublasSsyr2                                                 cublasSsyr2_v2
gpublasSsyr2k                                                cublasSsyr2k_v2
gpublasSsyrk                                                 cublasSsyrk_v2
gpublasStatus_t                                              cublasStatus_t
gpublasStbmv                                                 cublasStbmv_v2
gpublasStbsv                                                 cublasStbsv_v2
gpublasStpmv                                                 cublasStpmv_v2
gpublasStpsv                                                 cublasStpsv_v2
gpublasStrmm                                                 cublasStrmm_v2
gpublasStrmv                                                 cublasStrmv_v2
gpublasStrsm                                                 cublasStrsm_v2
gpublasStrsv                                                 cublasStrsv_v2
gpublasZaxpy                                                 cublasZaxpy_v2
gpublasZcopy                                                 cublasZcopy_v2
gpublasZdotc                                                 cublasZdotc_v2
gpublasZdotu                                                 cublasZdotu_v2
gpublasZdrot                                                 cublasZdrot_v2
gpublasZdscal                                                cublasZdscal_v2
gpublasZgbmv                                                 cublasZgbmv_v2
gpublasZgemm                                                 cublasZgemm_v2
gpublasZgemv                                                 cublasZgemv_v2
gpublasZgerc                                                 cublasZgerc_v2
gpublasZgeru                                                 cublasZgeru_v2
gpublasZhbmv                                                 cublasZhbmv_v2
gpublasZhemm                                                 cublasZhemm_v2
gpublasZhemv                                                 cublasZhemv_v2
gpublasZher                                                  cublasZher_v2
gpublasZher2                                                 cublasZher2_v2
gpublasZher2k                                                cublasZher2k_v2
gpublasZherk                                                 cublasZherk_v2
gpublasZhpmv                                                 cublasZhpmv_v2
gpublasZhpr                                                  cublasZhpr_v2
gpublasZhpr2                                                 cublasZhpr2_v2
gpublasZrot                                                  cublasZrot_v2
gpublasZrotg                                                 cublasZrotg_v2
gpublasZscal                                                 cublasZscal_v2
gpublasZswap                                                 cublasZswap_v2
gpublasZsymm                                                 cublasZsymm_v2
gpublasZsymv                                                 cublasZsymv_v2
gpublasZsyr                                                  cublasZsyr_v2
gpublasZsyr2                                                 cublasZsyr2_v2
gpublasZsyr2k                                                cublasZsyr2k_v2
gpublasZsyrk                                                 cublasZsyrk_v2
gpublasZtbmv                                                 cublasZtbmv_v2
gpublasZtbsv                                                 cublasZtbsv_v2
gpublasZtpmv                                                 cublasZtpmv_v2
gpublasZtpsv                                                 cublasZtpsv_v2
gpublasZtrmm                                                 cublasZtrmm_v2
gpublasZtrmv                                                 cublasZtrmv_v2
gpublasZtrsm                                                 cublasZtrsm_v2
gpublasZtrsv                                                 cublasZtrsv_v2
gpurandRngType_t                                             curandRngType
gpurandStatus_t                                              curandStatus
gpurtcAddNameExpression                                      nvrtcAddNameExpression
gpurtcCompileProgram                                         nvrtcCompileProgram
gpurtcCreateProgram                                          nvrtcCreateProgram
gpurtcDestroyProgram                                         nvrtcDestroyProgram
gpurtcGetBitcode                                             nvrtcGetCUBIN
gpurtcGetBitcodeSize                                         nvrtcGetCUBINSize
gpurtcGetCode                                                nvrtcGetPTX
gpurtcGetCodeSize                                            nvrtcGetPTXSize
gpurtcGetErrorString                                         nvrtcGetErrorString
gpurtcGetLoweredName                                         nvrtcGetLoweredName
gpurtcGetProgramLog                                          nvrtcGetProgramLog
gpurtcGetProgramLogSize                                      nvrtcGetProgramLogSize
gpurtcJITInputType                                           CUjitInputType
gpurtcLinkAddData                                            cuLinkAddData_v2
gpurtcLinkAddFile                                            cuLinkAddFile_v2
gpurtcLinkComplete                                           cuLinkComplete
gpurtcLinkCreate                                             cuLinkCreate_v2
gpurtcLinkDestroy                                            cuLinkDestroy
gpurtcLinkState                                              CUlinkState
gpurtcProgram                                                nvrtcProgram
gpurtcResult                                                 nvrtcResult
gpurtcVersion                                                nvrtcVersion
